Archive member included to satisfy reference by file (symbol)

g:/tools/arm-none-eabi/12v2_mpacbti-bet1/bin/../lib/gcc/arm-none-eabi/12.2.0/thumb/v7e-m+fp/hard\libc_nano.a(libc_a-exit.o)
                              g:/tools/arm-none-eabi/12v2_mpacbti-bet1/bin/../lib/gcc/arm-none-eabi/12.2.0/thumb/v7e-m+fp/hard/crt0.o (exit)
g:/tools/arm-none-eabi/12v2_mpacbti-bet1/bin/../lib/gcc/arm-none-eabi/12.2.0/thumb/v7e-m+fp/hard\libc_nano.a(libc_a-findfp.o)
                              g:/tools/arm-none-eabi/12v2_mpacbti-bet1/bin/../lib/gcc/arm-none-eabi/12.2.0/thumb/v7e-m+fp/hard\libc_nano.a(libc_a-exit.o) (__stdio_exit_handler)
g:/tools/arm-none-eabi/12v2_mpacbti-bet1/bin/../lib/gcc/arm-none-eabi/12.2.0/thumb/v7e-m+fp/hard\libc_nano.a(libc_a-fwalk.o)
                              g:/tools/arm-none-eabi/12v2_mpacbti-bet1/bin/../lib/gcc/arm-none-eabi/12.2.0/thumb/v7e-m+fp/hard\libc_nano.a(libc_a-findfp.o) (_fwalk_sglue)
g:/tools/arm-none-eabi/12v2_mpacbti-bet1/bin/../lib/gcc/arm-none-eabi/12.2.0/thumb/v7e-m+fp/hard\libc_nano.a(libc_a-stdio.o)
                              g:/tools/arm-none-eabi/12v2_mpacbti-bet1/bin/../lib/gcc/arm-none-eabi/12.2.0/thumb/v7e-m+fp/hard\libc_nano.a(libc_a-findfp.o) (__sread)
g:/tools/arm-none-eabi/12v2_mpacbti-bet1/bin/../lib/gcc/arm-none-eabi/12.2.0/thumb/v7e-m+fp/hard\libc_nano.a(libc_a-memset.o)
                              g:/tools/arm-none-eabi/12v2_mpacbti-bet1/bin/../lib/gcc/arm-none-eabi/12.2.0/thumb/v7e-m+fp/hard/crt0.o (memset)
g:/tools/arm-none-eabi/12v2_mpacbti-bet1/bin/../lib/gcc/arm-none-eabi/12.2.0/thumb/v7e-m+fp/hard\libc_nano.a(libc_a-closer.o)
                              g:/tools/arm-none-eabi/12v2_mpacbti-bet1/bin/../lib/gcc/arm-none-eabi/12.2.0/thumb/v7e-m+fp/hard\libc_nano.a(libc_a-stdio.o) (_close_r)
g:/tools/arm-none-eabi/12v2_mpacbti-bet1/bin/../lib/gcc/arm-none-eabi/12.2.0/thumb/v7e-m+fp/hard\libc_nano.a(libc_a-reent.o)
                              g:/tools/arm-none-eabi/12v2_mpacbti-bet1/bin/../lib/gcc/arm-none-eabi/12.2.0/thumb/v7e-m+fp/hard\libc_nano.a(libc_a-closer.o) (errno)
g:/tools/arm-none-eabi/12v2_mpacbti-bet1/bin/../lib/gcc/arm-none-eabi/12.2.0/thumb/v7e-m+fp/hard\libc_nano.a(libc_a-impure.o)
                              g:/tools/arm-none-eabi/12v2_mpacbti-bet1/bin/../lib/gcc/arm-none-eabi/12.2.0/thumb/v7e-m+fp/hard\libc_nano.a(libc_a-reent.o) (_impure_ptr)
g:/tools/arm-none-eabi/12v2_mpacbti-bet1/bin/../lib/gcc/arm-none-eabi/12.2.0/thumb/v7e-m+fp/hard\libc_nano.a(libc_a-lseekr.o)
                              g:/tools/arm-none-eabi/12v2_mpacbti-bet1/bin/../lib/gcc/arm-none-eabi/12.2.0/thumb/v7e-m+fp/hard\libc_nano.a(libc_a-stdio.o) (_lseek_r)
g:/tools/arm-none-eabi/12v2_mpacbti-bet1/bin/../lib/gcc/arm-none-eabi/12.2.0/thumb/v7e-m+fp/hard\libc_nano.a(libc_a-readr.o)
                              g:/tools/arm-none-eabi/12v2_mpacbti-bet1/bin/../lib/gcc/arm-none-eabi/12.2.0/thumb/v7e-m+fp/hard\libc_nano.a(libc_a-stdio.o) (_read_r)
g:/tools/arm-none-eabi/12v2_mpacbti-bet1/bin/../lib/gcc/arm-none-eabi/12.2.0/thumb/v7e-m+fp/hard\libc_nano.a(libc_a-writer.o)
                              g:/tools/arm-none-eabi/12v2_mpacbti-bet1/bin/../lib/gcc/arm-none-eabi/12.2.0/thumb/v7e-m+fp/hard\libc_nano.a(libc_a-stdio.o) (_write_r)
g:/tools/arm-none-eabi/12v2_mpacbti-bet1/bin/../lib/gcc/arm-none-eabi/12.2.0/thumb/v7e-m+fp/hard\libc_nano.a(libc_a-init.o)
                              g:/tools/arm-none-eabi/12v2_mpacbti-bet1/bin/../lib/gcc/arm-none-eabi/12.2.0/thumb/v7e-m+fp/hard/crt0.o (__libc_init_array)
g:/tools/arm-none-eabi/12v2_mpacbti-bet1/bin/../lib/gcc/arm-none-eabi/12.2.0/thumb/v7e-m+fp/hard\libc_nano.a(libc_a-lock.o)
                              g:/tools/arm-none-eabi/12v2_mpacbti-bet1/bin/../lib/gcc/arm-none-eabi/12.2.0/thumb/v7e-m+fp/hard\libc_nano.a(libc_a-findfp.o) (__retarget_lock_init_recursive)
g:/tools/arm-none-eabi/12v2_mpacbti-bet1/bin/../lib/gcc/arm-none-eabi/12.2.0/thumb/v7e-m+fp/hard\libc_nano.a(libc_a-freer.o)
                              g:/tools/arm-none-eabi/12v2_mpacbti-bet1/bin/../lib/gcc/arm-none-eabi/12.2.0/thumb/v7e-m+fp/hard\libc_nano.a(libc_a-reent.o) (_free_r)
g:/tools/arm-none-eabi/12v2_mpacbti-bet1/bin/../lib/gcc/arm-none-eabi/12.2.0/thumb/v7e-m+fp/hard\libc_nano.a(libc_a-mallocr.o)
                              g:/tools/arm-none-eabi/12v2_mpacbti-bet1/bin/../lib/gcc/arm-none-eabi/12.2.0/thumb/v7e-m+fp/hard\libc_nano.a(libc_a-findfp.o) (_malloc_r)
g:/tools/arm-none-eabi/12v2_mpacbti-bet1/bin/../lib/gcc/arm-none-eabi/12.2.0/thumb/v7e-m+fp/hard\libc_nano.a(libc_a-mlock.o)
                              g:/tools/arm-none-eabi/12v2_mpacbti-bet1/bin/../lib/gcc/arm-none-eabi/12.2.0/thumb/v7e-m+fp/hard\libc_nano.a(libc_a-freer.o) (__malloc_lock)
g:/tools/arm-none-eabi/12v2_mpacbti-bet1/bin/../lib/gcc/arm-none-eabi/12.2.0/thumb/v7e-m+fp/hard\libc_nano.a(libc_a-fflush.o)
[...]
Memory Configuration

Name             Origin             Length             Attributes
RAM              0x20000000         0x00018000         xrw
RAM2             0x10000000         0x00008000         xrw
FLASH            0x08000000         0x00100000         xr
*default*        0x00000000         0xffffffff

Linker script and memory map

LOAD g:/tools/arm-none-eabi/12v2_mpacbti-bet1/bin/../lib/gcc/arm-none-eabi/12.2.0/thumb/v7e-m+fp/hard/crti.o
LOAD g:/tools/arm-none-eabi/12v2_mpacbti-bet1/bin/../lib/gcc/arm-none-eabi/12.2.0/thumb/v7e-m+fp/hard/crtbegin.o
LOAD g:/tools/arm-none-eabi/12v2_mpacbti-bet1/bin/../lib/gcc/arm-none-eabi/12.2.0/thumb/v7e-m+fp/hard/crt0.o
LOAD build/main.o
LOAD build/stm32l4xx_it.o
LOAD build/stm32l4xx_hal_msp.o
LOAD build/stm32l4xx_hal_tim.o
LOAD build/stm32l4xx_hal_tim_ex.o
LOAD build/stm32l4xx_hal_uart.o
LOAD build/stm32l4xx_hal_uart_ex.o
LOAD build/stm32l4xx_hal.o
LOAD build/stm32l4xx_hal_i2c.o
LOAD build/stm32l4xx_hal_i2c_ex.o
LOAD build/stm32l4xx_hal_rcc.o
LOAD build/stm32l4xx_hal_rcc_ex.o
LOAD build/stm32l4xx_hal_flash.o
LOAD build/stm32l4xx_hal_flash_ex.o
LOAD build/stm32l4xx_hal_flash_ramfunc.o
LOAD build/stm32l4xx_hal_gpio.o
LOAD build/stm32l4xx_hal_dma.o
LOAD build/stm32l4xx_hal_dma_ex.o
LOAD build/stm32l4xx_hal_pwr.o
LOAD build/stm32l4xx_hal_pwr_ex.o
LOAD build/stm32l4xx_hal_cortex.o
LOAD build/stm32l4xx_hal_exti.o
LOAD build/system_stm32l4xx.o
LOAD build/startup_stm32l476xx.o
LOAD g:/tools/arm-none-eabi/12v2_mpacbti-bet1/bin/../lib/gcc/arm-none-eabi/12.2.0/thumb/v7e-m+fp/hard\libc_nano.a
LOAD g:/tools/arm-none-eabi/12v2_mpacbti-bet1/bin/../lib/gcc/arm-none-eabi/12.2.0/thumb/v7e-m+fp/hard\libm.a
LOAD g:/tools/arm-none-eabi/12v2_mpacbti-bet1/bin/../lib/gcc/arm-none-eabi/12.2.0/thumb/v7e-m+fp/hard\libnosys.a
START GROUP
LOAD g:/tools/arm-none-eabi/12v2_mpacbti-bet1/bin/../lib/gcc/arm-none-eabi/12.2.0/thumb/v7e-m+fp/hard\libgcc.a
LOAD g:/tools/arm-none-eabi/12v2_mpacbti-bet1/bin/../lib/gcc/arm-none-eabi/12.2.0/thumb/v7e-m+fp/hard\libc_nano.a
END GROUP
START GROUP
LOAD g:/tools/arm-none-eabi/12v2_mpacbti-bet1/bin/../lib/gcc/arm-none-eabi/12.2.0/thumb/v7e-m+fp/hard\libgcc.a
LOAD g:/tools/arm-none-eabi/12v2_mpacbti-bet1/bin/../lib/gcc/arm-none-eabi/12.2.0/thumb/v7e-m+fp/hard\libc_nano.a
END GROUP
LOAD g:/tools/arm-none-eabi/12v2_mpacbti-bet1/bin/../lib/gcc/arm-none-eabi/12.2.0/thumb/v7e-m+fp/hard/crtend.o
LOAD g:/tools/arm-none-eabi/12v2_mpacbti-bet1/bin/../lib/gcc/arm-none-eabi/12.2.0/thumb/v7e-m+fp/hard/crtn.o
                0x20018000                        _estack = (ORIGIN (RAM) + LENGTH (RAM))
                0x00000200                        _Min_Heap_Size = 0x200
                0x00000400                        _Min_Stack_Size = 0x400

.isr_vector     0x08000000      0x188
                0x08000000                        . = ALIGN (0x8)
 *(.isr_vector)
 .isr_vector    0x08000000      0x188 build/startup_stm32l476xx.o
                0x08000000                g_pfnVectors
                0x08000188                        . = ALIGN (0x8)

.text           0x08000188     0x20d8
                0x08000188                        . = ALIGN (0x8)
 *(.text)
 .text          0x08000188       0x30 g:/tools/arm-none-eabi/12v2_mpacbti-bet1/bin/../lib/gcc/arm-none-eabi/12.2.0/thumb/v7e-m+fp/hard\libgcc.a(_aeabi_uldivmod.o)
                0x08000188                __aeabi_uldivmod
 .text          0x080001b8        0x4 g:/tools/arm-none-eabi/12v2_mpacbti-bet1/bin/../lib/gcc/arm-none-eabi/12.2.0/thumb/v7e-m+fp/hard\libgcc.a(_dvmd_tls.o)
                0x080001b8                __aeabi_idiv0
                0x080001b8                __aeabi_ldiv0
 *(.text*)
 .text.deregister_tm_clones
                0x080001bc       0x1c g:/tools/arm-none-eabi/12v2_mpacbti-bet1/bin/../lib/gcc/arm-none-eabi/12.2.0/thumb/v7e-m+fp/hard/crtbegin.o
 .text.register_tm_clones
                0x080001d8       0x24 g:/tools/arm-none-eabi/12v2_mpacbti-bet1/bin/../lib/gcc/arm-none-eabi/12.2.0/thumb/v7e-m+fp/hard/crtbegin.o
 .text.__do_global_dtors_aux
                0x080001fc       0x28 g:/tools/arm-none-eabi/12v2_mpacbti-bet1/bin/../lib/gcc/arm-none-eabi/12.2.0/thumb/v7e-m+fp/hard/crtbegin.o
 .text.frame_dummy
                0x08000224       0x24 g:/tools/arm-none-eabi/12v2_mpacbti-bet1/bin/../lib/gcc/arm-none-eabi/12.2.0/thumb/v7e-m+fp/hard/crtbegin.o
 .text.MX_GPIO_Init
                0x08000248       0xa0 build/main.o
 .text.Error_Handler
                0x080002e8        0x4 build/main.o
                0x080002e8                Error_Handler
 .text.MX_USART2_UART_Init
                0x080002ec       0x38 build/main.o
 .text.SystemClock_Config
                0x08000324       0x7a build/main.o
                0x08000324                SystemClock_Config
 .text.main     0x0800039e       0x26 build/main.o
                0x0800039e                main
 .text.NMI_Handler
                0x080003c4        0x2 build/stm32l4xx_it.o
                0x080003c4                NMI_Handler
 .text.HardFault_Handler
                0x080003c6        0x2 build/stm32l4xx_it.o
                0x080003c6                HardFault_Handler
 .text.MemManage_Handler
                0x080003c8        0x2 build/stm32l4xx_it.o
                0x080003c8                MemManage_Handler
 .text.BusFault_Handler
                0x080003ca        0x2 build/stm32l4xx_it.o
                0x080003ca                BusFault_Handler
 .text.UsageFault_Handler
                0x080003cc        0x2 build/stm32l4xx_it.o
                0x080003cc                UsageFault_Handler
 .text.SVC_Handler
                0x080003ce        0x2 build/stm32l4xx_it.o
                0x080003ce                SVC_Handler
 .text.DebugMon_Handler
                0x080003d0        0x2 build/stm32l4xx_it.o
                0x080003d0                DebugMon_Handler
 .text.PendSV_Handler
                0x080003d2        0x2 build/stm32l4xx_it.o
                0x080003d2                PendSV_Handler
 .text.SysTick_Handler
                0x080003d4        0x8 build/stm32l4xx_it.o
                0x080003d4                SysTick_Handler
 .text.HAL_MspInit
                0x080003dc       0x30 build/stm32l4xx_hal_msp.o
                0x080003dc                HAL_MspInit
 .text.HAL_UART_MspInit
                0x0800040c       0x88 build/stm32l4xx_hal_msp.o
                0x0800040c                HAL_UART_MspInit
 .text.UART_SetConfig
                0x08000494      0x328 build/stm32l4xx_hal_uart.o
                0x08000494                UART_SetConfig
 .text.UART_AdvFeatureConfig
                0x080007bc       0xca build/stm32l4xx_hal_uart.o
                0x080007bc                UART_AdvFeatureConfig
 .text.UART_WaitOnFlagUntilTimeout
                0x08000886       0xd0 build/stm32l4xx_hal_uart.o
                0x08000886                UART_WaitOnFlagUntilTimeout
 .text.UART_CheckIdleState
                0x08000956       0x70 build/stm32l4xx_hal_uart.o
                0x08000956                UART_CheckIdleState
 .text.HAL_UART_Init
                0x080009c6       0x62 build/stm32l4xx_hal_uart.o
                0x080009c6                HAL_UART_Init
 .text.HAL_InitTick
                0x08000a28       0x50 build/stm32l4xx_hal.o
                0x08000a28                HAL_InitTick
 .text.HAL_Init
                0x08000a78       0x2c build/stm32l4xx_hal.o
                0x08000a78                HAL_Init
 .text.HAL_IncTick
                0x08000aa4       0x18 build/stm32l4xx_hal.o
                0x08000aa4                HAL_IncTick
 .text.HAL_GetTick
                0x08000abc        0xc build/stm32l4xx_hal.o
                0x08000abc                HAL_GetTick
 .text.HAL_Delay
                0x08000ac8       0x28 build/stm32l4xx_hal.o
                0x08000ac8                HAL_Delay
 .text.RCC_SetFlashLatencyFromMSIRange
                0x08000af0       0x90 build/stm32l4xx_hal_rcc.o
 .text.HAL_RCC_GetSysClockFreq
                0x08000b80       0xb4 build/stm32l4xx_hal_rcc.o
                0x08000b80                HAL_RCC_GetSysClockFreq
 .text.HAL_RCC_OscConfig
                0x08000c34      0x61c build/stm32l4xx_hal_rcc.o
                0x08000c34                HAL_RCC_OscConfig
 .text.HAL_RCC_ClockConfig
                0x08001250      0x188 build/stm32l4xx_hal_rcc.o
                0x08001250                HAL_RCC_ClockConfig
 .text.HAL_RCC_GetHCLKFreq
                0x080013d8        0xc build/stm32l4xx_hal_rcc.o
                0x080013d8                HAL_RCC_GetHCLKFreq
 .text.HAL_RCC_GetPCLK1Freq
                0x080013e4       0x24 build/stm32l4xx_hal_rcc.o
                0x080013e4                HAL_RCC_GetPCLK1Freq
 .text.HAL_RCC_GetPCLK2Freq
                0x08001408       0x24 build/stm32l4xx_hal_rcc.o
                0x08001408                HAL_RCC_GetPCLK2Freq
 .text.RCCEx_PLLSAI1_Config
                0x0800142c      0x170 build/stm32l4xx_hal_rcc_ex.o
 .text.RCCEx_PLLSAI2_Config
                0x0800159c      0x14c build/stm32l4xx_hal_rcc_ex.o
 .text.HAL_RCCEx_PeriphCLKConfig
                0x080016e8      0x454 build/stm32l4xx_hal_rcc_ex.o
                0x080016e8                HAL_RCCEx_PeriphCLKConfig
 .text.HAL_GPIO_Init
                0x08001b3c      0x200 build/stm32l4xx_hal_gpio.o
                0x08001b3c                HAL_GPIO_Init
 .text.HAL_GPIO_WritePin
                0x08001d3c        0xa build/stm32l4xx_hal_gpio.o
                0x08001d3c                HAL_GPIO_WritePin
 .text.HAL_GPIO_TogglePin
                0x08001d46       0x12 build/stm32l4xx_hal_gpio.o
                0x08001d46                HAL_GPIO_TogglePin
 .text.HAL_PWREx_GetVoltageRange
                0x08001d58       0x10 build/stm32l4xx_hal_pwr_ex.o
                0x08001d58                HAL_PWREx_GetVoltageRange
 .text.HAL_PWREx_ControlVoltageScaling
                0x08001d68       0x90 build/stm32l4xx_hal_pwr_ex.o
                0x08001d68                HAL_PWREx_ControlVoltageScaling
 .text.__NVIC_SetPriority
                0x08001df8       0x28 build/stm32l4xx_hal_cortex.o
 .text.NVIC_EncodePriority
                0x08001e20       0x3e build/stm32l4xx_hal_cortex.o
 *fill*         0x08001e5e        0x2 
 .text.HAL_NVIC_SetPriorityGrouping
                0x08001e60       0x24 build/stm32l4xx_hal_cortex.o
                0x08001e60                HAL_NVIC_SetPriorityGrouping
 .text.HAL_NVIC_SetPriority
                0x08001e84       0x20 build/stm32l4xx_hal_cortex.o
                0x08001e84                HAL_NVIC_SetPriority
 .text.HAL_SYSTICK_Config
                0x08001ea4       0x28 build/stm32l4xx_hal_cortex.o
                0x08001ea4                HAL_SYSTICK_Config
 .text.SystemInit
                0x08001ecc       0x14 build/system_stm32l4xx.o
                0x08001ecc                SystemInit
 .text.Reset_Handler
                0x08001ee0       0x50 build/startup_stm32l476xx.o
                0x08001ee0                Reset_Handler
 .text.Default_Handler
                0x08001f30        0x2 build/startup_stm32l476xx.o
                0x08001f30                RTC_Alarm_IRQHandler
                0x08001f30                EXTI2_IRQHandler
                0x08001f30                TIM8_TRG_COM_IRQHandler
                0x08001f30                TIM8_CC_IRQHandler
                0x08001f30                TIM1_CC_IRQHandler
                0x08001f30                TSC_IRQHandler
                0x08001f30                TAMP_STAMP_IRQHandler
                0x08001f30                EXTI3_IRQHandler
                0x08001f30                LPTIM2_IRQHandler
                0x08001f30                DFSDM1_FLT1_IRQHandler
                0x08001f30                I2C3_ER_IRQHandler
                0x08001f30                DFSDM1_FLT2_IRQHandler
                0x08001f30                EXTI0_IRQHandler
                0x08001f30                I2C2_EV_IRQHandler
                0x08001f30                CAN1_RX0_IRQHandler
                0x08001f30                FPU_IRQHandler
                0x08001f30                TIM1_UP_TIM16_IRQHandler
                0x08001f30                ADC1_2_IRQHandler
                0x08001f30                SPI1_IRQHandler
                0x08001f30                TIM6_DAC_IRQHandler
                0x08001f30                TIM8_UP_IRQHandler
                0x08001f30                DMA2_Channel2_IRQHandler
                0x08001f30                DMA1_Channel4_IRQHandler
                0x08001f30                SAI2_IRQHandler
                0x08001f30                DFSDM1_FLT3_IRQHandler
                0x08001f30                USART3_IRQHandler
                0x08001f30                DMA1_Channel7_IRQHandler
                0x08001f30                CAN1_RX1_IRQHandler
                0x08001f30                LCD_IRQHandler
                0x08001f30                UART5_IRQHandler
                0x08001f30                ADC3_IRQHandler
                0x08001f30                TIM4_IRQHandler
                0x08001f30                DMA2_Channel1_IRQHandler
                0x08001f30                QUADSPI_IRQHandler
                0x08001f30                I2C1_EV_IRQHandler
                0x08001f30                DMA1_Channel6_IRQHandler
                0x08001f30                UART4_IRQHandler
                0x08001f30                DMA2_Channel4_IRQHandler
                0x08001f30                TIM3_IRQHandler
                0x08001f30                RCC_IRQHandler
                0x08001f30                DMA1_Channel1_IRQHandler
                0x08001f30                Default_Handler
                0x08001f30                DMA2_Channel7_IRQHandler
                0x08001f30                EXTI15_10_IRQHandler
                0x08001f30                TIM7_IRQHandler
                0x08001f30                SDMMC1_IRQHandler
                0x08001f30                TIM5_IRQHandler
                0x08001f30                I2C3_EV_IRQHandler
                0x08001f30                EXTI9_5_IRQHandler
                0x08001f30                RTC_WKUP_IRQHandler
                0x08001f30                PVD_PVM_IRQHandler
                0x08001f30                SPI2_IRQHandler
                0x08001f30                CAN1_TX_IRQHandler
                0x08001f30                DMA2_Channel5_IRQHandler
                0x08001f30                DMA1_Channel5_IRQHandler
                0x08001f30                EXTI4_IRQHandler
                0x08001f30                RNG_IRQHandler
                0x08001f30                TIM1_TRG_COM_TIM17_IRQHandler
                0x08001f30                DMA1_Channel3_IRQHandler
                0x08001f30                COMP_IRQHandler
                0x08001f30                WWDG_IRQHandler
                0x08001f30                LPUART1_IRQHandler
                0x08001f30                DMA2_Channel6_IRQHandler
                0x08001f30                TIM2_IRQHandler
                0x08001f30                EXTI1_IRQHandler
                0x08001f30                USART2_IRQHandler
                0x08001f30                DFSDM1_FLT0_IRQHandler
                0x08001f30                I2C2_ER_IRQHandler
                0x08001f30                DMA1_Channel2_IRQHandler
                0x08001f30                TIM8_BRK_IRQHandler
                0x08001f30                CAN1_SCE_IRQHandler
                0x08001f30                FLASH_IRQHandler
                0x08001f30                USART1_IRQHandler
                0x08001f30                OTG_FS_IRQHandler
                0x08001f30                SPI3_IRQHandler
                0x08001f30                I2C1_ER_IRQHandler
                0x08001f30                FMC_IRQHandler
                0x08001f30                SWPMI1_IRQHandler
                0x08001f30                LPTIM1_IRQHandler
                0x08001f30                SAI1_IRQHandler
                0x08001f30                DMA2_Channel3_IRQHandler
                0x08001f30                TIM1_BRK_TIM15_IRQHandler
 .text.memset   0x08001f32       0x10 g:/tools/arm-none-eabi/12v2_mpacbti-bet1/bin/../lib/gcc/arm-none-eabi/12.2.0/thumb/v7e-m+fp/hard\libc_nano.a(libc_a-memset.o)
                0x08001f32                memset
 *fill*         0x08001f42        0x2 
 .text.__libc_init_array
                0x08001f44       0x48 g:/tools/arm-none-eabi/12v2_mpacbti-bet1/bin/../lib/gcc/arm-none-eabi/12.2.0/thumb/v7e-m+fp/hard\libc_nano.a(libc_a-init.o)
                0x08001f44                __libc_init_array
 .text.__udivmoddi4
                0x08001f8c      0x2bc g:/tools/arm-none-eabi/12v2_mpacbti-bet1/bin/../lib/gcc/arm-none-eabi/12.2.0/thumb/v7e-m+fp/hard\libgcc.a(_udivmoddi4.o)
                0x08001f8c                __udivmoddi4
 *(.glue_7)
 .glue_7        0x08002248        0x0 linker stubs
 *(.glue_7t)
 .glue_7t       0x08002248        0x0 linker stubs
 *(.eh_frame)
 .eh_frame      0x08002248        0x0 g:/tools/arm-none-eabi/12v2_mpacbti-bet1/bin/../lib/gcc/arm-none-eabi/12.2.0/thumb/v7e-m+fp/hard/crtbegin.o
 *(.init)
 .init          0x08002248        0x4 g:/tools/arm-none-eabi/12v2_mpacbti-bet1/bin/../lib/gcc/arm-none-eabi/12.2.0/thumb/v7e-m+fp/hard/crti.o
                0x08002248                _init
 .init          0x0800224c        0x8 g:/tools/arm-none-eabi/12v2_mpacbti-bet1/bin/../lib/gcc/arm-none-eabi/12.2.0/thumb/v7e-m+fp/hard/crtn.o
 *(.fini)
 .fini          0x08002254        0x4 g:/tools/arm-none-eabi/12v2_mpacbti-bet1/bin/../lib/gcc/arm-none-eabi/12.2.0/thumb/v7e-m+fp/hard/crti.o
                0x08002254                _fini
 .fini          0x08002258        0x8 g:/tools/arm-none-eabi/12v2_mpacbti-bet1/bin/../lib/gcc/arm-none-eabi/12.2.0/thumb/v7e-m+fp/hard/crtn.o
                0x08002260                        . = ALIGN (0x8)
                0x08002260                        _etext = .

.vfp11_veneer   0x08002260        0x0
 .vfp11_veneer  0x08002260        0x0 linker stubs

.v4_bx          0x08002260        0x0
 .v4_bx         0x08002260        0x0 linker stubs

.iplt           0x08002260        0x0
 .iplt          0x08002260        0x0 g:/tools/arm-none-eabi/12v2_mpacbti-bet1/bin/../lib/gcc/arm-none-eabi/12.2.0/thumb/v7e-m+fp/hard/crtbegin.o

.rodata         0x08002260       0x48
                0x08002260                        . = ALIGN (0x8)
 *(.rodata)
 *(.rodata*)
 .rodata.MSIRangeTable
                0x08002260       0x30 build/system_stm32l4xx.o
                0x08002260                MSIRangeTable
 .rodata.APBPrescTable
                0x08002290        0x8 build/system_stm32l4xx.o
                0x08002290                APBPrescTable
 .rodata.AHBPrescTable
                0x08002298       0x10 build/system_stm32l4xx.o
                0x08002298                AHBPrescTable
                0x080022a8                        . = ALIGN (0x8)

.ARM.extab      0x080022a8        0x0
                0x080022a8                        . = ALIGN (0x8)
 *(.ARM.extab* .gnu.linkonce.armextab.*)
                0x080022a8                        . = ALIGN (0x8)

.ARM            0x080022a8        0x8
                0x080022a8                        . = ALIGN (0x8)
                0x080022a8                        __exidx_start = .
 *(.ARM.exidx*)
 .ARM.exidx.text.__udivmoddi4
                0x080022a8        0x8 g:/tools/arm-none-eabi/12v2_mpacbti-bet1/bin/../lib/gcc/arm-none-eabi/12.2.0/thumb/v7e-m+fp/hard\libgcc.a(_udivmoddi4.o)
                0x080022b0                        __exidx_end = .
                0x080022b0                        . = ALIGN (0x8)

.rel.dyn        0x080022b0        0x0
 .rel.iplt      0x080022b0        0x0 g:/tools/arm-none-eabi/12v2_mpacbti-bet1/bin/../lib/gcc/arm-none-eabi/12.2.0/thumb/v7e-m+fp/hard/crtbegin.o

.preinit_array  0x080022b0        0x0
                0x080022b0                        . = ALIGN (0x8)
                0x080022b0                        PROVIDE (__preinit_array_start = .)
 *(.preinit_array*)
                0x080022b0                        PROVIDE (__preinit_array_end = .)
                0x080022b0                        . = ALIGN (0x8)

.init_array     0x080022b0        0x8
                0x080022b0                        . = ALIGN (0x8)
                0x080022b0                        PROVIDE (__init_array_start = .)
 *(SORT_BY_NAME(.init_array.*))
 *(.init_array*)
 .init_array    0x080022b0        0x4 g:/tools/arm-none-eabi/12v2_mpacbti-bet1/bin/../lib/gcc/arm-none-eabi/12.2.0/thumb/v7e-m+fp/hard/crtbegin.o
                0x080022b4                        PROVIDE (__init_array_end = .)
                0x080022b8                        . = ALIGN (0x8)
 *fill*         0x080022b4        0x4 

.fini_array     0x080022b8        0x8
                0x080022b8                        . = ALIGN (0x8)
                [!provide]                        PROVIDE (__fini_array_start = .)
 *(SORT_BY_NAME(.fini_array.*))
 *(.fini_array*)
 .fini_array    0x080022b8        0x4 g:/tools/arm-none-eabi/12v2_mpacbti-bet1/bin/../lib/gcc/arm-none-eabi/12.2.0/thumb/v7e-m+fp/hard/crtbegin.o
                [!provide]                        PROVIDE (__fini_array_end = .)
                0x080022c0                        . = ALIGN (0x8)
 *fill*         0x080022bc        0x4 
                0x080022c0                        _sidata = LOADADDR (.data)

.data           0x20000000       0x10 load address 0x080022c0
                0x20000000                        . = ALIGN (0x8)
                0x20000000                        _sdata = .
 *(.data)
 *(.data*)
 .data.uwTickFreq
                0x20000000        0x1 build/stm32l4xx_hal.o
                0x20000000                uwTickFreq
 *fill*         0x20000001        0x3 
 .data.uwTickPrio
                0x20000004        0x4 build/stm32l4xx_hal.o
                0x20000004                uwTickPrio
 .data.SystemCoreClock
                0x20000008        0x4 build/system_stm32l4xx.o
                0x20000008                SystemCoreClock
                0x20000010                        . = ALIGN (0x8)
 *fill*         0x2000000c        0x4 
                0x20000010                        _edata = .

.tm_clone_table
                0x20000010        0x0 load address 0x080022d0
 .tm_clone_table
                0x20000010        0x0 g:/tools/arm-none-eabi/12v2_mpacbti-bet1/bin/../lib/gcc/arm-none-eabi/12.2.0/thumb/v7e-m+fp/hard/crtbegin.o
 .tm_clone_table
                0x20000010        0x0 g:/tools/arm-none-eabi/12v2_mpacbti-bet1/bin/../lib/gcc/arm-none-eabi/12.2.0/thumb/v7e-m+fp/hard/crtend.o

.igot.plt       0x20000010        0x0 load address 0x080022d0
 .igot.plt      0x20000010        0x0 g:/tools/arm-none-eabi/12v2_mpacbti-bet1/bin/../lib/gcc/arm-none-eabi/12.2.0/thumb/v7e-m+fp/hard/crtbegin.o
                0x20000010                        . = ALIGN (0x4)

.bss            0x20000010       0xa4 load address 0x080022d0
                0x20000010                        _sbss = .
                0x20000010                        __bss_start__ = _sbss
 *(.bss)
 *(.bss*)
 .bss.completed.1
                0x20000010        0x1 g:/tools/arm-none-eabi/12v2_mpacbti-bet1/bin/../lib/gcc/arm-none-eabi/12.2.0/thumb/v7e-m+fp/hard/crtbegin.o
 *fill*         0x20000011        0x3 
 .bss.object.0  0x20000014       0x18 g:/tools/arm-none-eabi/12v2_mpacbti-bet1/bin/../lib/gcc/arm-none-eabi/12.2.0/thumb/v7e-m+fp/hard/crtbegin.o
 .bss.huart2    0x2000002c       0x84 build/main.o
                0x2000002c                huart2
 .bss.uwTick    0x200000b0        0x4 build/stm32l4xx_hal.o
                0x200000b0                uwTick
 *(COMMON)
                0x200000b4                        . = ALIGN (0x4)
                0x200000b4                        _ebss = .
                0x200000b4                        __bss_end__ = _ebss

._user_heap_stack
                0x200000b4      0x604 load address 0x080022d0
                0x200000b8                        . = ALIGN (0x8)
 *fill*         0x200000b4        0x4 
                0x200000b8                        PROVIDE (end = .)
                [!provide]                        PROVIDE (_end = .)
                0x200002b8                        . = (. + _Min_Heap_Size)
 *fill*         0x200000b8      0x200 
                0x200006b8                        . = (. + _Min_Stack_Size)
 *fill*         0x200002b8      0x400 
                0x200006b8                        . = ALIGN (0x8)

/DISCARD/
 libc.a(*)
 libm.a(*)
 libgcc.a(*)

.ARM.attributes
                0x00000000       0x30
 *(.ARM.attributes)
 .ARM.attributes
                0x00000000       0x22 g:/tools/arm-none-eabi/12v2_mpacbti-bet1/bin/../lib/gcc/arm-none-eabi/12.2.0/thumb/v7e-m+fp/hard/crti.o
 .ARM.attributes
                0x00000022       0x34 g:/tools/arm-none-eabi/12v2_mpacbti-bet1/bin/../lib/gcc/arm-none-eabi/12.2.0/thumb/v7e-m+fp/hard/crtbegin.o
 .ARM.attributes
                0x00000056       0x34 build/main.o
 .ARM.attributes
                0x0000008a       0x34 build/stm32l4xx_it.o
 .ARM.attributes
                0x000000be       0x34 build/stm32l4xx_hal_msp.o
 .ARM.attributes
                0x000000f2       0x34 build/stm32l4xx_hal_uart.o
 .ARM.attributes
                0x00000126       0x34 build/stm32l4xx_hal.o
 .ARM.attributes
                0x0000015a       0x34 build/stm32l4xx_hal_rcc.o
 .ARM.attributes
                0x0000018e       0x34 build/stm32l4xx_hal_rcc_ex.o
 .ARM.attributes
                0x000001c2       0x34 build/stm32l4xx_hal_gpio.o
 .ARM.attributes
                0x000001f6       0x34 build/stm32l4xx_hal_pwr_ex.o
 .ARM.attributes
                0x0000022a       0x34 build/stm32l4xx_hal_cortex.o
 .ARM.attributes
                0x0000025e       0x34 build/system_stm32l4xx.o
 .ARM.attributes
                0x00000292       0x21 build/startup_stm32l476xx.o
 .ARM.attributes
                0x000002b3       0x34 g:/tools/arm-none-eabi/12v2_mpacbti-bet1/bin/../lib/gcc/arm-none-eabi/12.2.0/thumb/v7e-m+fp/hard\libc_nano.a(libc_a-memset.o)
 .ARM.attributes
                0x000002e7       0x34 g:/tools/arm-none-eabi/12v2_mpacbti-bet1/bin/../lib/gcc/arm-none-eabi/12.2.0/thumb/v7e-m+fp/hard\libc_nano.a(libc_a-init.o)
 .ARM.attributes
                0x0000031b       0x22 g:/tools/arm-none-eabi/12v2_mpacbti-bet1/bin/../lib/gcc/arm-none-eabi/12.2.0/thumb/v7e-m+fp/hard\libgcc.a(_aeabi_uldivmod.o)
 .ARM.attributes
                0x0000033d       0x34 g:/tools/arm-none-eabi/12v2_mpacbti-bet1/bin/../lib/gcc/arm-none-eabi/12.2.0/thumb/v7e-m+fp/hard\libgcc.a(_udivmoddi4.o)
 .ARM.attributes
                0x00000371       0x22 g:/tools/arm-none-eabi/12v2_mpacbti-bet1/bin/../lib/gcc/arm-none-eabi/12.2.0/thumb/v7e-m+fp/hard\libgcc.a(_dvmd_tls.o)
 .ARM.attributes
                0x00000393       0x34 g:/tools/arm-none-eabi/12v2_mpacbti-bet1/bin/../lib/gcc/arm-none-eabi/12.2.0/thumb/v7e-m+fp/hard/crtend.o
 .ARM.attributes
                0x000003c7       0x22 g:/tools/arm-none-eabi/12v2_mpacbti-bet1/bin/../lib/gcc/arm-none-eabi/12.2.0/thumb/v7e-m+fp/hard/crtn.o
OUTPUT(build/MakeTest2.elf elf32-littlearm)
LOAD linker stubs
LOAD g:/tools/arm-none-eabi/12v2_mpacbti-bet1/bin/../lib/gcc/arm-none-eabi/12.2.0/thumb/v7e-m+fp/hard\libc.a
LOAD g:/tools/arm-none-eabi/12v2_mpacbti-bet1/bin/../lib/gcc/arm-none-eabi/12.2.0/thumb/v7e-m+fp/hard\libm.a
LOAD g:/tools/arm-none-eabi/12v2_mpacbti-bet1/bin/../lib/gcc/arm-none-eabi/12.2.0/thumb/v7e-m+fp/hard\libgcc.a

.comment        0x00000000       0x4c
 .comment       0x00000000       0x4c g:/tools/arm-none-eabi/12v2_mpacbti-bet1/bin/../lib/gcc/arm-none-eabi/12.2.0/thumb/v7e-m+fp/hard/crtbegin.o
                                 0x4d (size before relaxing)
 .comment       0x0000004c       0x4d build/main.o
 .comment       0x0000004c       0x4d build/stm32l4xx_it.o
 .comment       0x0000004c       0x4d build/stm32l4xx_hal_msp.o
 .comment       0x0000004c       0x4d build/stm32l4xx_hal_uart.o
 .comment       0x0000004c       0x4d build/stm32l4xx_hal.o
 .comment       0x0000004c       0x4d build/stm32l4xx_hal_rcc.o
 .comment       0x0000004c       0x4d build/stm32l4xx_hal_rcc_ex.o
 .comment       0x0000004c       0x4d build/stm32l4xx_hal_gpio.o
 .comment       0x0000004c       0x4d build/stm32l4xx_hal_pwr_ex.o
 .comment       0x0000004c       0x4d build/stm32l4xx_hal_cortex.o
 .comment       0x0000004c       0x4d build/system_stm32l4xx.o
 .comment       0x0000004c       0x4d g:/tools/arm-none-eabi/12v2_mpacbti-bet1/bin/../lib/gcc/arm-none-eabi/12.2.0/thumb/v7e-m+fp/hard\libc_nano.a(libc_a-memset.o)
 .comment       0x0000004c       0x4d g:/tools/arm-none-eabi/12v2_mpacbti-bet1/bin/../lib/gcc/arm-none-eabi/12.2.0/thumb/v7e-m+fp/hard\libc_nano.a(libc_a-init.o)
 .comment       0x0000004c       0x4d g:/tools/arm-none-eabi/12v2_mpacbti-bet1/bin/../lib/gcc/arm-none-eabi/12.2.0/thumb/v7e-m+fp/hard\libgcc.a(_udivmoddi4.o)
 .comment       0x0000004c       0x4d g:/tools/arm-none-eabi/12v2_mpacbti-bet1/bin/../lib/gcc/arm-none-eabi/12.2.0/thumb/v7e-m+fp/hard/crtend.o

.debug_info     0x00000000     0xde53
 .debug_info    0x00000000     0x1077 build/main.o
 .debug_info    0x00001077      0x158 build/stm32l4xx_it.o
 .debug_info    0x000011cf      0xf5a build/stm32l4xx_hal_msp.o
 .debug_info    0x00002129     0x5423 build/stm32l4xx_hal_uart.o
 .debug_info    0x0000754c      0xe51 build/stm32l4xx_hal.o
 .debug_info    0x0000839d     0x10ad build/stm32l4xx_hal_rcc.o
 .debug_info    0x0000944a     0x13ed build/stm32l4xx_hal_rcc_ex.o
 .debug_info    0x0000a837      0x91b build/stm32l4xx_hal_gpio.o
 .debug_info    0x0000b152      0xbc9 build/stm32l4xx_hal_pwr_ex.o
 .debug_info    0x0000bd1b     0x115a build/stm32l4xx_hal_cortex.o
 .debug_info    0x0000ce75      0x671 build/system_stm32l4xx.o
 .debug_info    0x0000d4e6       0x30 build/startup_stm32l476xx.o
 .debug_info    0x0000d516       0xe0 g:/tools/arm-none-eabi/12v2_mpacbti-bet1/bin/../lib/gcc/arm-none-eabi/12.2.0/thumb/v7e-m+fp/hard\libc_nano.a(libc_a-memset.o)
 .debug_info    0x0000d5f6      0x10b g:/tools/arm-none-eabi/12v2_mpacbti-bet1/bin/../lib/gcc/arm-none-eabi/12.2.0/thumb/v7e-m+fp/hard\libc_nano.a(libc_a-init.o)
 .debug_info    0x0000d701       0x24 g:/tools/arm-none-eabi/12v2_mpacbti-bet1/bin/../lib/gcc/arm-none-eabi/12.2.0/thumb/v7e-m+fp/hard\libgcc.a(_aeabi_uldivmod.o)
 .debug_info    0x0000d725      0x6f5 g:/tools/arm-none-eabi/12v2_mpacbti-bet1/bin/../lib/gcc/arm-none-eabi/12.2.0/thumb/v7e-m+fp/hard\libgcc.a(_udivmoddi4.o)
 .debug_info    0x0000de1a       0x39 g:/tools/arm-none-eabi/12v2_mpacbti-bet1/bin/../lib/gcc/arm-none-eabi/12.2.0/thumb/v7e-m+fp/hard\libgcc.a(_dvmd_tls.o)

.debug_abbrev   0x00000000     0x1ca2
 .debug_abbrev  0x00000000      0x261 build/main.o
 .debug_abbrev  0x00000261       0x80 build/stm32l4xx_it.o
 .debug_abbrev  0x000002e1      0x1ee build/stm32l4xx_hal_msp.o
 .debug_abbrev  0x000004cf      0x32f build/stm32l4xx_hal_uart.o
 .debug_abbrev  0x000007fe      0x284 build/stm32l4xx_hal.o
 .debug_abbrev  0x00000a82      0x2de build/stm32l4xx_hal_rcc.o
 .debug_abbrev  0x00000d60      0x2de build/stm32l4xx_hal_rcc_ex.o
 .debug_abbrev  0x0000103e      0x222 build/stm32l4xx_hal_gpio.o
 .debug_abbrev  0x00001260      0x233 build/stm32l4xx_hal_pwr_ex.o
 .debug_abbrev  0x00001493      0x3d3 build/stm32l4xx_hal_cortex.o
 .debug_abbrev  0x00001866      0x11b build/system_stm32l4xx.o
 .debug_abbrev  0x00001981       0x1d build/startup_stm32l476xx.o
 .debug_abbrev  0x0000199e       0x9e g:/tools/arm-none-eabi/12v2_mpacbti-bet1/bin/../lib/gcc/arm-none-eabi/12.2.0/thumb/v7e-m+fp/hard\libc_nano.a(libc_a-memset.o)
 .debug_abbrev  0x00001a3c       0xc9 g:/tools/arm-none-eabi/12v2_mpacbti-bet1/bin/../lib/gcc/arm-none-eabi/12.2.0/thumb/v7e-m+fp/hard\libc_nano.a(libc_a-init.o)
 .debug_abbrev  0x00001b05       0x14 g:/tools/arm-none-eabi/12v2_mpacbti-bet1/bin/../lib/gcc/arm-none-eabi/12.2.0/thumb/v7e-m+fp/hard\libgcc.a(_aeabi_uldivmod.o)
 .debug_abbrev  0x00001b19      0x16a g:/tools/arm-none-eabi/12v2_mpacbti-bet1/bin/../lib/gcc/arm-none-eabi/12.2.0/thumb/v7e-m+fp/hard\libgcc.a(_udivmoddi4.o)
 .debug_abbrev  0x00001c83       0x1f g:/tools/arm-none-eabi/12v2_mpacbti-bet1/bin/../lib/gcc/arm-none-eabi/12.2.0/thumb/v7e-m+fp/hard\libgcc.a(_dvmd_tls.o)

.debug_loc      0x00000000     0x9405
 .debug_loc     0x00000000       0xbe build/main.o
 .debug_loc     0x000000be       0x20 build/stm32l4xx_it.o
 .debug_loc     0x000000de       0xf6 build/stm32l4xx_hal_msp.o
 .debug_loc     0x000001d4     0x52d3 build/stm32l4xx_hal_uart.o
 .debug_loc     0x000054a7      0x2af build/stm32l4xx_hal.o
 .debug_loc     0x00005756      0x9ac build/stm32l4xx_hal_rcc.o
 .debug_loc     0x00006102     0x1ca4 build/stm32l4xx_hal_rcc_ex.o
 .debug_loc     0x00007da6      0x489 build/stm32l4xx_hal_gpio.o
 .debug_loc     0x0000822f      0x8e8 build/stm32l4xx_hal_pwr_ex.o
 .debug_loc     0x00008b17      0x7c7 build/stm32l4xx_hal_cortex.o
 .debug_loc     0x000092de      0x127 build/system_stm32l4xx.o

.debug_aranges  0x00000000      0x900
 .debug_aranges
                0x00000000       0x40 build/main.o
 .debug_aranges
                0x00000040       0x60 build/stm32l4xx_it.o
 .debug_aranges
                0x000000a0       0x30 build/stm32l4xx_hal_msp.o
 .debug_aranges
                0x000000d0      0x228 build/stm32l4xx_hal_uart.o
 .debug_aranges
                0x000002f8      0x130 build/stm32l4xx_hal.o
 .debug_aranges
                0x00000428       0x90 build/stm32l4xx_hal_rcc.o
 .debug_aranges
                0x000004b8       0xc0 build/stm32l4xx_hal_rcc_ex.o
 .debug_aranges
                0x00000578       0x58 build/stm32l4xx_hal_gpio.o
 .debug_aranges
                0x000005d0      0x160 build/stm32l4xx_hal_pwr_ex.o
 .debug_aranges
                0x00000730       0xe0 build/stm32l4xx_hal_cortex.o
 .debug_aranges
                0x00000810       0x28 build/system_stm32l4xx.o
 .debug_aranges
                0x00000838       0x28 build/startup_stm32l476xx.o
 .debug_aranges
                0x00000860       0x20 g:/tools/arm-none-eabi/12v2_mpacbti-bet1/bin/../lib/gcc/arm-none-eabi/12.2.0/thumb/v7e-m+fp/hard\libc_nano.a(libc_a-memset.o)
 .debug_aranges
                0x00000880       0x20 g:/tools/arm-none-eabi/12v2_mpacbti-bet1/bin/../lib/gcc/arm-none-eabi/12.2.0/thumb/v7e-m+fp/hard\libc_nano.a(libc_a-init.o)
 .debug_aranges
                0x000008a0       0x20 g:/tools/arm-none-eabi/12v2_mpacbti-bet1/bin/../lib/gcc/arm-none-eabi/12.2.0/thumb/v7e-m+fp/hard\libgcc.a(_aeabi_uldivmod.o)
 .debug_aranges
                0x000008c0       0x20 g:/tools/arm-none-eabi/12v2_mpacbti-bet1/bin/../lib/gcc/arm-none-eabi/12.2.0/thumb/v7e-m+fp/hard\libgcc.a(_udivmoddi4.o)
 .debug_aranges
                0x000008e0       0x20 g:/tools/arm-none-eabi/12v2_mpacbti-bet1/bin/../lib/gcc/arm-none-eabi/12.2.0/thumb/v7e-m+fp/hard\libgcc.a(_dvmd_tls.o)

.debug_ranges   0x00000000      0x7f0
 .debug_ranges  0x00000000       0x30 build/main.o
 .debug_ranges  0x00000030       0x50 build/stm32l4xx_it.o
 .debug_ranges  0x00000080       0x20 build/stm32l4xx_hal_msp.o
 .debug_ranges  0x000000a0      0x230 build/stm32l4xx_hal_uart.o
 .debug_ranges  0x000002d0      0x120 build/stm32l4xx_hal.o
 .debug_ranges  0x000003f0       0x98 build/stm32l4xx_hal_rcc.o
 .debug_ranges  0x00000488       0xc8 build/stm32l4xx_hal_rcc_ex.o
 .debug_ranges  0x00000550       0x48 build/stm32l4xx_hal_gpio.o
 .debug_ranges  0x00000598      0x150 build/stm32l4xx_hal_pwr_ex.o
 .debug_ranges  0x000006e8       0xd0 build/stm32l4xx_hal_cortex.o
 .debug_ranges  0x000007b8       0x18 build/system_stm32l4xx.o
 .debug_ranges  0x000007d0       0x20 build/startup_stm32l476xx.o

.debug_line     0x00000000     0xaa97
 .debug_line    0x00000000      0x423 build/main.o
 .debug_line    0x00000423      0x177 build/stm32l4xx_it.o
 .debug_line    0x0000059a      0x2bd build/stm32l4xx_hal_msp.o
 .debug_line    0x00000857     0x5249 build/stm32l4xx_hal_uart.o
 .debug_line    0x00005aa0      0x685 build/stm32l4xx_hal.o
 .debug_line    0x00006125      0xedb build/stm32l4xx_hal_rcc.o
 .debug_line    0x00007000     0x1503 build/stm32l4xx_hal_rcc_ex.o
 .debug_line    0x00008503      0x6cd build/stm32l4xx_hal_gpio.o
 .debug_line    0x00008bd0      0xa7c build/stm32l4xx_hal_pwr_ex.o
 .debug_line    0x0000964c      0x7fe build/stm32l4xx_hal_cortex.o
 .debug_line    0x00009e4a      0x281 build/system_stm32l4xx.o
 .debug_line    0x0000a0cb       0x76 build/startup_stm32l476xx.o
 .debug_line    0x0000a141      0x18e g:/tools/arm-none-eabi/12v2_mpacbti-bet1/bin/../lib/gcc/arm-none-eabi/12.2.0/thumb/v7e-m+fp/hard\libc_nano.a(libc_a-memset.o)
 .debug_line    0x0000a2cf      0x18f g:/tools/arm-none-eabi/12v2_mpacbti-bet1/bin/../lib/gcc/arm-none-eabi/12.2.0/thumb/v7e-m+fp/hard\libc_nano.a(libc_a-init.o)
 .debug_line    0x0000a45e       0x4e g:/tools/arm-none-eabi/12v2_mpacbti-bet1/bin/../lib/gcc/arm-none-eabi/12.2.0/thumb/v7e-m+fp/hard\libgcc.a(_aeabi_uldivmod.o)
 .debug_line    0x0000a4ac      0x5a1 g:/tools/arm-none-eabi/12v2_mpacbti-bet1/bin/../lib/gcc/arm-none-eabi/12.2.0/thumb/v7e-m+fp/hard\libgcc.a(_udivmoddi4.o)
 .debug_line    0x0000aa4d       0x4a g:/tools/arm-none-eabi/12v2_mpacbti-bet1/bin/../lib/gcc/arm-none-eabi/12.2.0/thumb/v7e-m+fp/hard\libgcc.a(_dvmd_tls.o)

.debug_str      0x00000000     0x38c6
 .debug_str     0x00000000      0x936 build/main.o
                                0x9d8 (size before relaxing)
 .debug_str     0x00000936       0xb4 build/stm32l4xx_it.o
                                0x1ec (size before relaxing)
 .debug_str     0x000009ea      0x301 build/stm32l4xx_hal_msp.o
                                0xa8c (size before relaxing)
 .debug_str     0x00000ceb      0x866 build/stm32l4xx_hal_uart.o
                                0xfa9 (size before relaxing)
 .debug_str     0x00001551      0x9de build/stm32l4xx_hal.o
                                0xd21 (size before relaxing)
 .debug_str     0x00001f2f      0x263 build/stm32l4xx_hal_rcc.o
                                0x859 (size before relaxing)
 .debug_str     0x00002192      0x33b build/stm32l4xx_hal_rcc_ex.o
                                0xa78 (size before relaxing)
 .debug_str     0x000024cd       0xb4 build/stm32l4xx_hal_gpio.o
                                0x4fd (size before relaxing)
 .debug_str     0x00002581      0x537 build/stm32l4xx_hal_pwr_ex.o
                                0x80c (size before relaxing)
 .debug_str     0x00002ab8      0x441 build/stm32l4xx_hal_cortex.o
                                0xbdd (size before relaxing)
 .debug_str     0x00002ef9       0x3d build/system_stm32l4xx.o
                                0x396 (size before relaxing)
 .debug_str     0x00002f36       0x33 build/startup_stm32l476xx.o
                                 0x49 (size before relaxing)
 .debug_str     0x00002f69      0x177 g:/tools/arm-none-eabi/12v2_mpacbti-bet1/bin/../lib/gcc/arm-none-eabi/12.2.0/thumb/v7e-m+fp/hard\libc_nano.a(libc_a-memset.o)
                                0x213 (size before relaxing)
 .debug_str     0x000030e0       0xcb g:/tools/arm-none-eabi/12v2_mpacbti-bet1/bin/../lib/gcc/arm-none-eabi/12.2.0/thumb/v7e-m+fp/hard\libc_nano.a(libc_a-init.o)
                                0x274 (size before relaxing)
 .debug_str     0x000031ab       0xd9 g:/tools/arm-none-eabi/12v2_mpacbti-bet1/bin/../lib/gcc/arm-none-eabi/12.2.0/thumb/v7e-m+fp/hard\libgcc.a(_aeabi_uldivmod.o)
                                 0xe8 (size before relaxing)
 .debug_str     0x00003284      0x5cb g:/tools/arm-none-eabi/12v2_mpacbti-bet1/bin/../lib/gcc/arm-none-eabi/12.2.0/thumb/v7e-m+fp/hard\libgcc.a(_udivmoddi4.o)
                                0x6e2 (size before relaxing)
 .debug_str     0x0000384f       0x77 g:/tools/arm-none-eabi/12v2_mpacbti-bet1/bin/../lib/gcc/arm-none-eabi/12.2.0/thumb/v7e-m+fp/hard\libgcc.a(_dvmd_tls.o)
                                0x108 (size before relaxing)

.debug_frame    0x00000000     0x13f8
 .debug_frame   0x00000000       0x90 build/main.o
 .debug_frame   0x00000090       0xa8 build/stm32l4xx_it.o
 .debug_frame   0x00000138       0x64 build/stm32l4xx_hal_msp.o
 .debug_frame   0x0000019c      0x600 build/stm32l4xx_hal_uart.o
 .debug_frame   0x0000079c      0x274 build/stm32l4xx_hal.o
 .debug_frame   0x00000a10      0x19c build/stm32l4xx_hal_rcc.o
 .debug_frame   0x00000bac      0x204 build/stm32l4xx_hal_rcc_ex.o
 .debug_frame   0x00000db0       0xd0 build/stm32l4xx_hal_gpio.o
 .debug_frame   0x00000e80      0x2b8 build/stm32l4xx_hal_pwr_ex.o
 .debug_frame   0x00001138      0x1e4 build/stm32l4xx_hal_cortex.o
 .debug_frame   0x0000131c       0x30 build/system_stm32l4xx.o
 .debug_frame   0x0000134c       0x20 g:/tools/arm-none-eabi/12v2_mpacbti-bet1/bin/../lib/gcc/arm-none-eabi/12.2.0/thumb/v7e-m+fp/hard\libc_nano.a(libc_a-memset.o)
 .debug_frame   0x0000136c       0x2c g:/tools/arm-none-eabi/12v2_mpacbti-bet1/bin/../lib/gcc/arm-none-eabi/12.2.0/thumb/v7e-m+fp/hard\libc_nano.a(libc_a-init.o)
 .debug_frame   0x00001398       0x2c g:/tools/arm-none-eabi/12v2_mpacbti-bet1/bin/../lib/gcc/arm-none-eabi/12.2.0/thumb/v7e-m+fp/hard\libgcc.a(_aeabi_uldivmod.o)
 .debug_frame   0x000013c4       0x34 g:/tools/arm-none-eabi/12v2_mpacbti-bet1/bin/../lib/gcc/arm-none-eabi/12.2.0/thumb/v7e-m+fp/hard\libgcc.a(_udivmoddi4.o)

.debug_loclists
                0x00000000      0xa48
 .debug_loclists
                0x00000000       0x47 g:/tools/arm-none-eabi/12v2_mpacbti-bet1/bin/../lib/gcc/arm-none-eabi/12.2.0/thumb/v7e-m+fp/hard\libc_nano.a(libc_a-memset.o)
 .debug_loclists
                0x00000047       0x44 g:/tools/arm-none-eabi/12v2_mpacbti-bet1/bin/../lib/gcc/arm-none-eabi/12.2.0/thumb/v7e-m+fp/hard\libc_nano.a(libc_a-init.o)
 .debug_loclists
                0x0000008b      0x9bd g:/tools/arm-none-eabi/12v2_mpacbti-bet1/bin/../lib/gcc/arm-none-eabi/12.2.0/thumb/v7e-m+fp/hard\libgcc.a(_udivmoddi4.o)

.debug_rnglists
                0x00000000       0xc1
 .debug_rnglists
                0x00000000       0x13 g:/tools/arm-none-eabi/12v2_mpacbti-bet1/bin/../lib/gcc/arm-none-eabi/12.2.0/thumb/v7e-m+fp/hard\libc_nano.a(libc_a-memset.o)
 .debug_rnglists
                0x00000013       0x13 g:/tools/arm-none-eabi/12v2_mpacbti-bet1/bin/../lib/gcc/arm-none-eabi/12.2.0/thumb/v7e-m+fp/hard\libc_nano.a(libc_a-init.o)
 .debug_rnglists
                0x00000026       0x9b g:/tools/arm-none-eabi/12v2_mpacbti-bet1/bin/../lib/gcc/arm-none-eabi/12.2.0/thumb/v7e-m+fp/hard\libgcc.a(_udivmoddi4.o)

.debug_line_str
                0x00000000       0xe5
 .debug_line_str
                0x00000000       0xd9 g:/tools/arm-none-eabi/12v2_mpacbti-bet1/bin/../lib/gcc/arm-none-eabi/12.2.0/thumb/v7e-m+fp/hard\libgcc.a(_aeabi_uldivmod.o)
 .debug_line_str
                0x000000d9        0xc g:/tools/arm-none-eabi/12v2_mpacbti-bet1/bin/../lib/gcc/arm-none-eabi/12.2.0/thumb/v7e-m+fp/hard\libgcc.a(_dvmd_tls.o)
                                 0xdd (size before relaxing)

Cross Reference Table

Symbol                                            File
ADC1_2_IRQHandler                                 build/startup_stm32l476xx.o
ADC3_IRQHandler                                   build/startup_stm32l476xx.o
AHBPrescTable                                     build/system_stm32l4xx.o
                                                  build/stm32l4xx_hal_rcc.o
APBPrescTable                                     build/system_stm32l4xx.o
                                                  build/stm32l4xx_hal_rcc.o
BusFault_Handler                                  build/stm32l4xx_it.o
CAN1_RX0_IRQHandler                               build/startup_stm32l476xx.o
CAN1_RX1_IRQHandler                               build/startup_stm32l476xx.o
CAN1_SCE_IRQHandler                               build/startup_stm32l476xx.o
CAN1_TX_IRQHandler                                build/startup_stm32l476xx.o
COMP_IRQHandler                                   build/startup_stm32l476xx.o
DFSDM1_FLT0_IRQHandler                            build/startup_stm32l476xx.o
DFSDM1_FLT1_IRQHandler                            build/startup_stm32l476xx.o
DFSDM1_FLT2_IRQHandler                            build/startup_stm32l476xx.o
DFSDM1_FLT3_IRQHandler                            build/startup_stm32l476xx.o
DMA1_Channel1_IRQHandler                          build/startup_stm32l476xx.o
DMA1_Channel2_IRQHandler                          build/startup_stm32l476xx.o
DMA1_Channel3_IRQHandler                          build/startup_stm32l476xx.o
DMA1_Channel4_IRQHandler                          build/startup_stm32l476xx.o
DMA1_Channel5_IRQHandler                          build/startup_stm32l476xx.o
DMA1_Channel6_IRQHandler                          build/startup_stm32l476xx.o
DMA1_Channel7_IRQHandler                          build/startup_stm32l476xx.o
DMA2_Channel1_IRQHandler                          build/startup_stm32l476xx.o
DMA2_Channel2_IRQHandler                          build/startup_stm32l476xx.o
DMA2_Channel3_IRQHandler                          build/startup_stm32l476xx.o
DMA2_Channel4_IRQHandler                          build/startup_stm32l476xx.o
DMA2_Channel5_IRQHandler                          build/startup_stm32l476xx.o
DMA2_Channel6_IRQHandler                          build/startup_stm32l476xx.o
DMA2_Channel7_IRQHandler                          build/startup_stm32l476xx.o
DebugMon_Handler                                  build/stm32l4xx_it.o
Default_Handler                                   build/startup_stm32l476xx.o
EXTI0_IRQHandler                                  build/startup_stm32l476xx.o
EXTI15_10_IRQHandler                              build/startup_stm32l476xx.o
EXTI1_IRQHandler                                  build/startup_stm32l476xx.o
EXTI2_IRQHandler                                  build/startup_stm32l476xx.o
EXTI3_IRQHandler                                  build/startup_stm32l476xx.o
EXTI4_IRQHandler                                  build/startup_stm32l476xx.o
EXTI9_5_IRQHandler                                build/startup_stm32l476xx.o
Error_Handler                                     build/main.o
                                                  build/stm32l4xx_hal_msp.o
FLASH_FlushCaches                                 build/stm32l4xx_hal_flash_ex.o
                                                  build/stm32l4xx_hal_flash.o
FLASH_IRQHandler                                  build/startup_stm32l476xx.o
FLASH_PageErase                                   build/stm32l4xx_hal_flash_ex.o
                                                  build/stm32l4xx_hal_flash.o
FLASH_WaitForLastOperation                        build/stm32l4xx_hal_flash.o
                                                  build/stm32l4xx_hal_flash_ex.o
FMC_IRQHandler                                    build/startup_stm32l476xx.o
FPU_IRQHandler                                    build/startup_stm32l476xx.o
HAL_DBGMCU_DisableDBGSleepMode                    build/stm32l4xx_hal.o
HAL_DBGMCU_DisableDBGStandbyMode                  build/stm32l4xx_hal.o
HAL_DBGMCU_DisableDBGStopMode                     build/stm32l4xx_hal.o
HAL_DBGMCU_EnableDBGSleepMode                     build/stm32l4xx_hal.o
HAL_DBGMCU_EnableDBGStandbyMode                   build/stm32l4xx_hal.o
HAL_DBGMCU_EnableDBGStopMode                      build/stm32l4xx_hal.o
HAL_DMA_Abort                                     build/stm32l4xx_hal_dma.o
                                                  build/stm32l4xx_hal_uart.o
HAL_DMA_Abort_IT                                  build/stm32l4xx_hal_dma.o
                                                  build/stm32l4xx_hal_i2c.o
                                                  build/stm32l4xx_hal_uart.o
HAL_DMA_DeInit                                    build/stm32l4xx_hal_dma.o
HAL_DMA_GetError                                  build/stm32l4xx_hal_dma.o
                                                  build/stm32l4xx_hal_uart.o
HAL_DMA_GetState                                  build/stm32l4xx_hal_dma.o
                                                  build/stm32l4xx_hal_i2c.o
HAL_DMA_IRQHandler                                build/stm32l4xx_hal_dma.o
HAL_DMA_Init                                      build/stm32l4xx_hal_dma.o
HAL_DMA_PollForTransfer                           build/stm32l4xx_hal_dma.o
HAL_DMA_RegisterCallback                          build/stm32l4xx_hal_dma.o
HAL_DMA_Start                                     build/stm32l4xx_hal_dma.o
HAL_DMA_Start_IT                                  build/stm32l4xx_hal_dma.o
                                                  build/stm32l4xx_hal_i2c.o
                                                  build/stm32l4xx_hal_uart.o
HAL_DMA_UnRegisterCallback                        build/stm32l4xx_hal_dma.o
HAL_DeInit                                        build/stm32l4xx_hal.o
HAL_Delay                                         build/stm32l4xx_hal.o
                                                  build/main.o
HAL_EXTI_ClearConfigLine                          build/stm32l4xx_hal_exti.o
HAL_EXTI_ClearPending                             build/stm32l4xx_hal_exti.o
HAL_EXTI_GenerateSWI                              build/stm32l4xx_hal_exti.o
HAL_EXTI_GetConfigLine                            build/stm32l4xx_hal_exti.o
HAL_EXTI_GetHandle                                build/stm32l4xx_hal_exti.o
HAL_EXTI_GetPending                               build/stm32l4xx_hal_exti.o
HAL_EXTI_IRQHandler                               build/stm32l4xx_hal_exti.o
HAL_EXTI_RegisterCallback                         build/stm32l4xx_hal_exti.o
HAL_EXTI_SetConfigLine                            build/stm32l4xx_hal_exti.o
HAL_FLASHEx_DisableRunPowerDown                   build/stm32l4xx_hal_flash_ramfunc.o
HAL_FLASHEx_EnableRunPowerDown                    build/stm32l4xx_hal_flash_ramfunc.o
HAL_FLASHEx_Erase                                 build/stm32l4xx_hal_flash_ex.o
HAL_FLASHEx_Erase_IT                              build/stm32l4xx_hal_flash_ex.o
HAL_FLASHEx_OBGetConfig                           build/stm32l4xx_hal_flash_ex.o
HAL_FLASHEx_OBProgram                             build/stm32l4xx_hal_flash_ex.o
HAL_FLASH_EndOfOperationCallback                  build/stm32l4xx_hal_flash.o
HAL_FLASH_GetError                                build/stm32l4xx_hal_flash.o
HAL_FLASH_IRQHandler                              build/stm32l4xx_hal_flash.o
HAL_FLASH_Lock                                    build/stm32l4xx_hal_flash.o
HAL_FLASH_OB_Launch                               build/stm32l4xx_hal_flash.o
HAL_FLASH_OB_Lock                                 build/stm32l4xx_hal_flash.o
HAL_FLASH_OB_Unlock                               build/stm32l4xx_hal_flash.o
HAL_FLASH_OperationErrorCallback                  build/stm32l4xx_hal_flash.o
HAL_FLASH_Program                                 build/stm32l4xx_hal_flash.o
HAL_FLASH_Program_IT                              build/stm32l4xx_hal_flash.o
HAL_FLASH_Unlock                                  build/stm32l4xx_hal_flash.o
HAL_GPIO_DeInit                                   build/stm32l4xx_hal_gpio.o
                                                  build/stm32l4xx_hal_msp.o
HAL_GPIO_EXTI_Callback                            build/stm32l4xx_hal_gpio.o
HAL_GPIO_EXTI_IRQHandler                          build/stm32l4xx_hal_gpio.o
HAL_GPIO_Init                                     build/stm32l4xx_hal_gpio.o
                                                  build/stm32l4xx_hal_rcc_ex.o
                                                  build/stm32l4xx_hal_rcc.o
                                                  build/stm32l4xx_hal_msp.o
                                                  build/main.o
HAL_GPIO_LockPin                                  build/stm32l4xx_hal_gpio.o
HAL_GPIO_ReadPin                                  build/stm32l4xx_hal_gpio.o
HAL_GPIO_TogglePin                                build/stm32l4xx_hal_gpio.o
                                                  build/main.o
HAL_GPIO_WritePin                                 build/stm32l4xx_hal_gpio.o
                                                  build/main.o
HAL_GetDEVID                                      build/stm32l4xx_hal.o
HAL_GetHalVersion                                 build/stm32l4xx_hal.o
HAL_GetREVID                                      build/stm32l4xx_hal.o
HAL_GetTick                                       build/stm32l4xx_hal.o
                                                  build/stm32l4xx_hal_dma.o
                                                  build/stm32l4xx_hal_flash.o
                                                  build/stm32l4xx_hal_rcc_ex.o
                                                  build/stm32l4xx_hal_rcc.o
                                                  build/stm32l4xx_hal_i2c.o
                                                  build/stm32l4xx_hal_uart_ex.o
                                                  build/stm32l4xx_hal_uart.o
HAL_GetTickFreq                                   build/stm32l4xx_hal.o
HAL_GetTickPrio                                   build/stm32l4xx_hal.o
HAL_GetUIDw0                                      build/stm32l4xx_hal.o
HAL_GetUIDw1                                      build/stm32l4xx_hal.o
HAL_GetUIDw2                                      build/stm32l4xx_hal.o
HAL_HalfDuplex_EnableReceiver                     build/stm32l4xx_hal_uart.o
HAL_HalfDuplex_EnableTransmitter                  build/stm32l4xx_hal_uart.o
HAL_HalfDuplex_Init                               build/stm32l4xx_hal_uart.o
HAL_I2CEx_ConfigAnalogFilter                      build/stm32l4xx_hal_i2c_ex.o
HAL_I2CEx_ConfigDigitalFilter                     build/stm32l4xx_hal_i2c_ex.o
HAL_I2CEx_DisableFastModePlus                     build/stm32l4xx_hal_i2c_ex.o
HAL_I2CEx_DisableWakeUp                           build/stm32l4xx_hal_i2c_ex.o
HAL_I2CEx_EnableFastModePlus                      build/stm32l4xx_hal_i2c_ex.o
HAL_I2CEx_EnableWakeUp                            build/stm32l4xx_hal_i2c_ex.o
HAL_I2C_AbortCpltCallback                         build/stm32l4xx_hal_i2c.o
HAL_I2C_AddrCallback                              build/stm32l4xx_hal_i2c.o
HAL_I2C_DeInit                                    build/stm32l4xx_hal_i2c.o
HAL_I2C_DisableListen_IT                          build/stm32l4xx_hal_i2c.o
HAL_I2C_ER_IRQHandler                             build/stm32l4xx_hal_i2c.o
HAL_I2C_EV_IRQHandler                             build/stm32l4xx_hal_i2c.o
HAL_I2C_EnableListen_IT                           build/stm32l4xx_hal_i2c.o
HAL_I2C_ErrorCallback                             build/stm32l4xx_hal_i2c.o
HAL_I2C_GetError                                  build/stm32l4xx_hal_i2c.o
HAL_I2C_GetMode                                   build/stm32l4xx_hal_i2c.o
HAL_I2C_GetState                                  build/stm32l4xx_hal_i2c.o
HAL_I2C_Init                                      build/stm32l4xx_hal_i2c.o
HAL_I2C_IsDeviceReady                             build/stm32l4xx_hal_i2c.o
HAL_I2C_ListenCpltCallback                        build/stm32l4xx_hal_i2c.o
HAL_I2C_MasterRxCpltCallback                      build/stm32l4xx_hal_i2c.o
HAL_I2C_MasterTxCpltCallback                      build/stm32l4xx_hal_i2c.o
HAL_I2C_Master_Abort_IT                           build/stm32l4xx_hal_i2c.o
HAL_I2C_Master_Receive                            build/stm32l4xx_hal_i2c.o
HAL_I2C_Master_Receive_DMA                        build/stm32l4xx_hal_i2c.o
HAL_I2C_Master_Receive_IT                         build/stm32l4xx_hal_i2c.o
HAL_I2C_Master_Seq_Receive_DMA                    build/stm32l4xx_hal_i2c.o
HAL_I2C_Master_Seq_Receive_IT                     build/stm32l4xx_hal_i2c.o
HAL_I2C_Master_Seq_Transmit_DMA                   build/stm32l4xx_hal_i2c.o
HAL_I2C_Master_Seq_Transmit_IT                    build/stm32l4xx_hal_i2c.o
HAL_I2C_Master_Transmit                           build/stm32l4xx_hal_i2c.o
HAL_I2C_Master_Transmit_DMA                       build/stm32l4xx_hal_i2c.o
HAL_I2C_Master_Transmit_IT                        build/stm32l4xx_hal_i2c.o
HAL_I2C_MemRxCpltCallback                         build/stm32l4xx_hal_i2c.o
HAL_I2C_MemTxCpltCallback                         build/stm32l4xx_hal_i2c.o
HAL_I2C_Mem_Read                                  build/stm32l4xx_hal_i2c.o
HAL_I2C_Mem_Read_DMA                              build/stm32l4xx_hal_i2c.o
HAL_I2C_Mem_Read_IT                               build/stm32l4xx_hal_i2c.o
HAL_I2C_Mem_Write                                 build/stm32l4xx_hal_i2c.o
HAL_I2C_Mem_Write_DMA                             build/stm32l4xx_hal_i2c.o
HAL_I2C_Mem_Write_IT                              build/stm32l4xx_hal_i2c.o
HAL_I2C_MspDeInit                                 build/stm32l4xx_hal_i2c.o
HAL_I2C_MspInit                                   build/stm32l4xx_hal_i2c.o
HAL_I2C_SlaveRxCpltCallback                       build/stm32l4xx_hal_i2c.o
HAL_I2C_SlaveTxCpltCallback                       build/stm32l4xx_hal_i2c.o
HAL_I2C_Slave_Receive                             build/stm32l4xx_hal_i2c.o
HAL_I2C_Slave_Receive_DMA                         build/stm32l4xx_hal_i2c.o
HAL_I2C_Slave_Receive_IT                          build/stm32l4xx_hal_i2c.o
HAL_I2C_Slave_Seq_Receive_DMA                     build/stm32l4xx_hal_i2c.o
HAL_I2C_Slave_Seq_Receive_IT                      build/stm32l4xx_hal_i2c.o
HAL_I2C_Slave_Seq_Transmit_DMA                    build/stm32l4xx_hal_i2c.o
HAL_I2C_Slave_Seq_Transmit_IT                     build/stm32l4xx_hal_i2c.o
HAL_I2C_Slave_Transmit                            build/stm32l4xx_hal_i2c.o
HAL_I2C_Slave_Transmit_DMA                        build/stm32l4xx_hal_i2c.o
HAL_I2C_Slave_Transmit_IT                         build/stm32l4xx_hal_i2c.o
HAL_IncTick                                       build/stm32l4xx_hal.o
                                                  build/stm32l4xx_it.o
HAL_Init                                          build/stm32l4xx_hal.o
                                                  build/main.o
HAL_InitTick                                      build/stm32l4xx_hal.o
                                                  build/stm32l4xx_hal_rcc.o
HAL_LIN_Init                                      build/stm32l4xx_hal_uart.o
HAL_LIN_SendBreak                                 build/stm32l4xx_hal_uart.o
HAL_MPU_ConfigRegion                              build/stm32l4xx_hal_cortex.o
HAL_MPU_Disable                                   build/stm32l4xx_hal_cortex.o
HAL_MPU_Enable                                    build/stm32l4xx_hal_cortex.o
HAL_MspDeInit                                     build/stm32l4xx_hal.o
HAL_MspInit                                       build/stm32l4xx_hal_msp.o
HAL_MultiProcessorEx_AddressLength_Set            build/stm32l4xx_hal_uart_ex.o
HAL_MultiProcessor_DisableMuteMode                build/stm32l4xx_hal_uart.o
HAL_MultiProcessor_EnableMuteMode                 build/stm32l4xx_hal_uart.o
HAL_MultiProcessor_EnterMuteMode                  build/stm32l4xx_hal_uart.o
HAL_MultiProcessor_Init                           build/stm32l4xx_hal_uart.o
HAL_NVIC_ClearPendingIRQ                          build/stm32l4xx_hal_cortex.o
HAL_NVIC_DisableIRQ                               build/stm32l4xx_hal_cortex.o
HAL_NVIC_EnableIRQ                                build/stm32l4xx_hal_cortex.o
HAL_NVIC_GetActive                                build/stm32l4xx_hal_cortex.o
HAL_NVIC_GetPendingIRQ                            build/stm32l4xx_hal_cortex.o
HAL_NVIC_GetPriority                              build/stm32l4xx_hal_cortex.o
HAL_NVIC_GetPriorityGrouping                      build/stm32l4xx_hal_cortex.o
HAL_NVIC_SetPendingIRQ                            build/stm32l4xx_hal_cortex.o
HAL_NVIC_SetPriority                              build/stm32l4xx_hal_cortex.o
                                                  build/stm32l4xx_hal.o
HAL_NVIC_SetPriorityGrouping                      build/stm32l4xx_hal_cortex.o
                                                  build/stm32l4xx_hal.o
HAL_NVIC_SystemReset                              build/stm32l4xx_hal_cortex.o
HAL_PWREx_ConfigPVM                               build/stm32l4xx_hal_pwr_ex.o
HAL_PWREx_ControlVoltageScaling                   build/stm32l4xx_hal_pwr_ex.o
                                                  build/main.o
HAL_PWREx_DisableBatteryCharging                  build/stm32l4xx_hal_pwr_ex.o
HAL_PWREx_DisableExtSMPS_0V95                     build/stm32l4xx_hal_pwr_ex.o
HAL_PWREx_DisableGPIOPullDown                     build/stm32l4xx_hal_pwr_ex.o
HAL_PWREx_DisableGPIOPullUp                       build/stm32l4xx_hal_pwr_ex.o
HAL_PWREx_DisableInternalWakeUpLine               build/stm32l4xx_hal_pwr_ex.o
HAL_PWREx_DisableLowPowerRunMode                  build/stm32l4xx_hal_pwr_ex.o
                                                  build/stm32l4xx_hal_pwr.o
HAL_PWREx_DisablePVM1                             build/stm32l4xx_hal_pwr_ex.o
HAL_PWREx_DisablePVM2                             build/stm32l4xx_hal_pwr_ex.o
HAL_PWREx_DisablePVM3                             build/stm32l4xx_hal_pwr_ex.o
HAL_PWREx_DisablePVM4                             build/stm32l4xx_hal_pwr_ex.o
HAL_PWREx_DisablePullUpPullDownConfig             build/stm32l4xx_hal_pwr_ex.o
HAL_PWREx_DisableSRAM2ContentRetention            build/stm32l4xx_hal_pwr_ex.o
HAL_PWREx_DisableVddIO2                           build/stm32l4xx_hal_pwr_ex.o
HAL_PWREx_DisableVddUSB                           build/stm32l4xx_hal_pwr_ex.o
HAL_PWREx_EnableBatteryCharging                   build/stm32l4xx_hal_pwr_ex.o
HAL_PWREx_EnableExtSMPS_0V95                      build/stm32l4xx_hal_pwr_ex.o
HAL_PWREx_EnableGPIOPullDown                      build/stm32l4xx_hal_pwr_ex.o
HAL_PWREx_EnableGPIOPullUp                        build/stm32l4xx_hal_pwr_ex.o
HAL_PWREx_EnableInternalWakeUpLine                build/stm32l4xx_hal_pwr_ex.o
HAL_PWREx_EnableLowPowerRunMode                   build/stm32l4xx_hal_pwr_ex.o
                                                  build/stm32l4xx_hal_pwr.o
HAL_PWREx_EnablePVM1                              build/stm32l4xx_hal_pwr_ex.o
HAL_PWREx_EnablePVM2                              build/stm32l4xx_hal_pwr_ex.o
HAL_PWREx_EnablePVM3                              build/stm32l4xx_hal_pwr_ex.o
HAL_PWREx_EnablePVM4                              build/stm32l4xx_hal_pwr_ex.o
HAL_PWREx_EnablePullUpPullDownConfig              build/stm32l4xx_hal_pwr_ex.o
HAL_PWREx_EnableSRAM2ContentRetention             build/stm32l4xx_hal_pwr_ex.o
HAL_PWREx_EnableVddIO2                            build/stm32l4xx_hal_pwr_ex.o
HAL_PWREx_EnableVddUSB                            build/stm32l4xx_hal_pwr_ex.o
HAL_PWREx_EnterSHUTDOWNMode                       build/stm32l4xx_hal_pwr_ex.o
HAL_PWREx_EnterSTOP0Mode                          build/stm32l4xx_hal_pwr_ex.o
                                                  build/stm32l4xx_hal_pwr.o
HAL_PWREx_EnterSTOP1Mode                          build/stm32l4xx_hal_pwr_ex.o
                                                  build/stm32l4xx_hal_pwr.o
HAL_PWREx_EnterSTOP2Mode                          build/stm32l4xx_hal_pwr_ex.o
HAL_PWREx_GetVoltageRange                         build/stm32l4xx_hal_pwr_ex.o
                                                  build/stm32l4xx_hal_rcc.o
HAL_PWREx_PVD_PVM_IRQHandler                      build/stm32l4xx_hal_pwr_ex.o
HAL_PWREx_PVM1Callback                            build/stm32l4xx_hal_pwr_ex.o
HAL_PWREx_PVM2Callback                            build/stm32l4xx_hal_pwr_ex.o
HAL_PWREx_PVM3Callback                            build/stm32l4xx_hal_pwr_ex.o
HAL_PWREx_PVM4Callback                            build/stm32l4xx_hal_pwr_ex.o
HAL_PWREx_SetSRAM2ContentRetention                build/stm32l4xx_hal_pwr_ex.o
HAL_PWR_ConfigPVD                                 build/stm32l4xx_hal_pwr.o
HAL_PWR_DeInit                                    build/stm32l4xx_hal_pwr.o
HAL_PWR_DisableBkUpAccess                         build/stm32l4xx_hal_pwr.o
                                                  build/stm32l4xx_hal_rcc_ex.o
HAL_PWR_DisablePVD                                build/stm32l4xx_hal_pwr.o
HAL_PWR_DisableSEVOnPend                          build/stm32l4xx_hal_pwr.o
HAL_PWR_DisableSleepOnExit                        build/stm32l4xx_hal_pwr.o
HAL_PWR_DisableWakeUpPin                          build/stm32l4xx_hal_pwr.o
HAL_PWR_EnableBkUpAccess                          build/stm32l4xx_hal_pwr.o
                                                  build/stm32l4xx_hal_rcc_ex.o
HAL_PWR_EnablePVD                                 build/stm32l4xx_hal_pwr.o
HAL_PWR_EnableSEVOnPend                           build/stm32l4xx_hal_pwr.o
HAL_PWR_EnableSleepOnExit                         build/stm32l4xx_hal_pwr.o
HAL_PWR_EnableWakeUpPin                           build/stm32l4xx_hal_pwr.o
HAL_PWR_EnterSLEEPMode                            build/stm32l4xx_hal_pwr.o
HAL_PWR_EnterSTANDBYMode                          build/stm32l4xx_hal_pwr.o
HAL_PWR_EnterSTOPMode                             build/stm32l4xx_hal_pwr.o
HAL_PWR_PVDCallback                               build/stm32l4xx_hal_pwr.o
                                                  build/stm32l4xx_hal_pwr_ex.o
HAL_RCCEx_DisableLSCO                             build/stm32l4xx_hal_rcc_ex.o
HAL_RCCEx_DisableLSECSS                           build/stm32l4xx_hal_rcc_ex.o
HAL_RCCEx_DisableMSIPLLMode                       build/stm32l4xx_hal_rcc_ex.o
HAL_RCCEx_DisablePLLSAI1                          build/stm32l4xx_hal_rcc_ex.o
HAL_RCCEx_DisablePLLSAI2                          build/stm32l4xx_hal_rcc_ex.o
HAL_RCCEx_EnableLSCO                              build/stm32l4xx_hal_rcc_ex.o
HAL_RCCEx_EnableLSECSS                            build/stm32l4xx_hal_rcc_ex.o
HAL_RCCEx_EnableLSECSS_IT                         build/stm32l4xx_hal_rcc_ex.o
HAL_RCCEx_EnableMSIPLLMode                        build/stm32l4xx_hal_rcc_ex.o
HAL_RCCEx_EnablePLLSAI1                           build/stm32l4xx_hal_rcc_ex.o
HAL_RCCEx_EnablePLLSAI2                           build/stm32l4xx_hal_rcc_ex.o
HAL_RCCEx_GetPeriphCLKConfig                      build/stm32l4xx_hal_rcc_ex.o
HAL_RCCEx_GetPeriphCLKFreq                        build/stm32l4xx_hal_rcc_ex.o
HAL_RCCEx_LSECSS_Callback                         build/stm32l4xx_hal_rcc_ex.o
HAL_RCCEx_LSECSS_IRQHandler                       build/stm32l4xx_hal_rcc_ex.o
HAL_RCCEx_PeriphCLKConfig                         build/stm32l4xx_hal_rcc_ex.o
                                                  build/stm32l4xx_hal_msp.o
HAL_RCCEx_StandbyMSIRangeConfig                   build/stm32l4xx_hal_rcc_ex.o
HAL_RCCEx_WakeUpStopCLKConfig                     build/stm32l4xx_hal_rcc_ex.o
HAL_RCC_CSSCallback                               build/stm32l4xx_hal_rcc.o
HAL_RCC_ClockConfig                               build/stm32l4xx_hal_rcc.o
                                                  build/main.o
HAL_RCC_DeInit                                    build/stm32l4xx_hal_rcc.o
HAL_RCC_EnableCSS                                 build/stm32l4xx_hal_rcc.o
HAL_RCC_GetClockConfig                            build/stm32l4xx_hal_rcc.o
HAL_RCC_GetHCLKFreq                               build/stm32l4xx_hal_rcc.o
HAL_RCC_GetOscConfig                              build/stm32l4xx_hal_rcc.o
HAL_RCC_GetPCLK1Freq                              build/stm32l4xx_hal_rcc.o
                                                  build/stm32l4xx_hal_rcc_ex.o
                                                  build/stm32l4xx_hal_uart.o
HAL_RCC_GetPCLK2Freq                              build/stm32l4xx_hal_rcc.o
                                                  build/stm32l4xx_hal_rcc_ex.o
                                                  build/stm32l4xx_hal_uart.o
HAL_RCC_GetResetSource                            build/stm32l4xx_hal_rcc.o
HAL_RCC_GetSysClockFreq                           build/stm32l4xx_hal_rcc.o
                                                  build/stm32l4xx_hal_rcc_ex.o
                                                  build/stm32l4xx_hal_uart.o
HAL_RCC_MCOConfig                                 build/stm32l4xx_hal_rcc.o
HAL_RCC_NMI_IRQHandler                            build/stm32l4xx_hal_rcc.o
HAL_RCC_OscConfig                                 build/stm32l4xx_hal_rcc.o
                                                  build/main.o
HAL_RS485Ex_Init                                  build/stm32l4xx_hal_uart_ex.o
HAL_ResumeTick                                    build/stm32l4xx_hal.o
HAL_SYSCFG_DisableIOAnalogSwitchBooster           build/stm32l4xx_hal.o
HAL_SYSCFG_DisableMemorySwappingBank              build/stm32l4xx_hal.o
HAL_SYSCFG_DisableVREFBUF                         build/stm32l4xx_hal.o
HAL_SYSCFG_EnableIOAnalogSwitchBooster            build/stm32l4xx_hal.o
HAL_SYSCFG_EnableMemorySwappingBank               build/stm32l4xx_hal.o
HAL_SYSCFG_EnableVREFBUF                          build/stm32l4xx_hal.o
HAL_SYSCFG_SRAM2Erase                             build/stm32l4xx_hal.o
HAL_SYSCFG_VREFBUF_HighImpedanceConfig            build/stm32l4xx_hal.o
HAL_SYSCFG_VREFBUF_TrimmingConfig                 build/stm32l4xx_hal.o
HAL_SYSCFG_VREFBUF_VoltageScalingConfig           build/stm32l4xx_hal.o
HAL_SYSTICK_CLKSourceConfig                       build/stm32l4xx_hal_cortex.o
HAL_SYSTICK_Callback                              build/stm32l4xx_hal_cortex.o
HAL_SYSTICK_Config                                build/stm32l4xx_hal_cortex.o
                                                  build/stm32l4xx_hal.o
HAL_SYSTICK_IRQHandler                            build/stm32l4xx_hal_cortex.o
HAL_SetTickFreq                                   build/stm32l4xx_hal.o
HAL_SuspendTick                                   build/stm32l4xx_hal.o
HAL_UARTEx_DisableClockStopMode                   build/stm32l4xx_hal_uart_ex.o
HAL_UARTEx_DisableStopMode                        build/stm32l4xx_hal_uart_ex.o
HAL_UARTEx_EnableClockStopMode                    build/stm32l4xx_hal_uart_ex.o
HAL_UARTEx_EnableStopMode                         build/stm32l4xx_hal_uart_ex.o
HAL_UARTEx_ReceiveToIdle                          build/stm32l4xx_hal_uart_ex.o
HAL_UARTEx_ReceiveToIdle_DMA                      build/stm32l4xx_hal_uart_ex.o
HAL_UARTEx_ReceiveToIdle_IT                       build/stm32l4xx_hal_uart_ex.o
HAL_UARTEx_RxEventCallback                        build/stm32l4xx_hal_uart.o
HAL_UARTEx_StopModeWakeUpSourceConfig             build/stm32l4xx_hal_uart_ex.o
HAL_UARTEx_WakeupCallback                         build/stm32l4xx_hal_uart_ex.o
                                                  build/stm32l4xx_hal_uart.o
HAL_UART_Abort                                    build/stm32l4xx_hal_uart.o
HAL_UART_AbortCpltCallback                        build/stm32l4xx_hal_uart.o
HAL_UART_AbortReceive                             build/stm32l4xx_hal_uart.o
HAL_UART_AbortReceiveCpltCallback                 build/stm32l4xx_hal_uart.o
HAL_UART_AbortReceive_IT                          build/stm32l4xx_hal_uart.o
HAL_UART_AbortTransmit                            build/stm32l4xx_hal_uart.o
HAL_UART_AbortTransmitCpltCallback                build/stm32l4xx_hal_uart.o
HAL_UART_AbortTransmit_IT                         build/stm32l4xx_hal_uart.o
HAL_UART_Abort_IT                                 build/stm32l4xx_hal_uart.o
HAL_UART_DMAPause                                 build/stm32l4xx_hal_uart.o
HAL_UART_DMAResume                                build/stm32l4xx_hal_uart.o
HAL_UART_DMAStop                                  build/stm32l4xx_hal_uart.o
HAL_UART_DeInit                                   build/stm32l4xx_hal_uart.o
HAL_UART_DisableReceiverTimeout                   build/stm32l4xx_hal_uart.o
HAL_UART_EnableReceiverTimeout                    build/stm32l4xx_hal_uart.o
HAL_UART_ErrorCallback                            build/stm32l4xx_hal_uart.o
HAL_UART_GetError                                 build/stm32l4xx_hal_uart.o
HAL_UART_GetState                                 build/stm32l4xx_hal_uart.o
HAL_UART_IRQHandler                               build/stm32l4xx_hal_uart.o
HAL_UART_Init                                     build/stm32l4xx_hal_uart.o
                                                  build/main.o
HAL_UART_MspDeInit                                build/stm32l4xx_hal_msp.o
HAL_UART_MspInit                                  build/stm32l4xx_hal_msp.o
                                                  build/stm32l4xx_hal_uart_ex.o
HAL_UART_Receive                                  build/stm32l4xx_hal_uart.o
HAL_UART_Receive_DMA                              build/stm32l4xx_hal_uart.o
HAL_UART_Receive_IT                               build/stm32l4xx_hal_uart.o
HAL_UART_ReceiverTimeout_Config                   build/stm32l4xx_hal_uart.o
HAL_UART_RxCpltCallback                           build/stm32l4xx_hal_uart.o
HAL_UART_RxHalfCpltCallback                       build/stm32l4xx_hal_uart.o
HAL_UART_Transmit                                 build/stm32l4xx_hal_uart.o
HAL_UART_Transmit_DMA                             build/stm32l4xx_hal_uart.o
HAL_UART_Transmit_IT                              build/stm32l4xx_hal_uart.o
HAL_UART_TxCpltCallback                           build/stm32l4xx_hal_uart.o
HAL_UART_TxHalfCpltCallback                       build/stm32l4xx_hal_uart.o
HardFault_Handler                                 build/stm32l4xx_it.o
I2C1_ER_IRQHandler                                build/startup_stm32l476xx.o
I2C1_EV_IRQHandler                                build/startup_stm32l476xx.o
I2C2_ER_IRQHandler                                build/startup_stm32l476xx.o
I2C2_EV_IRQHandler                                build/startup_stm32l476xx.o
I2C3_ER_IRQHandler                                build/startup_stm32l476xx.o
I2C3_EV_IRQHandler                                build/startup_stm32l476xx.o
LCD_IRQHandler                                    build/startup_stm32l476xx.o
LPTIM1_IRQHandler                                 build/startup_stm32l476xx.o
LPTIM2_IRQHandler                                 build/startup_stm32l476xx.o
LPUART1_IRQHandler                                build/startup_stm32l476xx.o
MSIRangeTable                                     build/system_stm32l4xx.o
                                                  build/stm32l4xx_hal_rcc_ex.o
                                                  build/stm32l4xx_hal_rcc.o
MemManage_Handler                                 build/stm32l4xx_it.o
NMI_Handler                                       build/stm32l4xx_it.o
OTG_FS_IRQHandler                                 build/startup_stm32l476xx.o
PVD_PVM_IRQHandler                                build/startup_stm32l476xx.o
PendSV_Handler                                    build/stm32l4xx_it.o
QUADSPI_IRQHandler                                build/startup_stm32l476xx.o
RCC_IRQHandler                                    build/startup_stm32l476xx.o
RNG_IRQHandler                                    build/startup_stm32l476xx.o
RTC_Alarm_IRQHandler                              build/startup_stm32l476xx.o
RTC_WKUP_IRQHandler                               build/startup_stm32l476xx.o
Reset_Handler                                     build/startup_stm32l476xx.o
SAI1_IRQHandler                                   build/startup_stm32l476xx.o
SAI2_IRQHandler                                   build/startup_stm32l476xx.o
SDMMC1_IRQHandler                                 build/startup_stm32l476xx.o
SPI1_IRQHandler                                   build/startup_stm32l476xx.o
SPI2_IRQHandler                                   build/startup_stm32l476xx.o
SPI3_IRQHandler                                   build/startup_stm32l476xx.o
SVC_Handler                                       build/stm32l4xx_it.o
SWPMI1_IRQHandler                                 build/startup_stm32l476xx.o
SysTick_Handler                                   build/stm32l4xx_it.o
SystemClock_Config                                build/main.o
SystemCoreClock                                   build/system_stm32l4xx.o
                                                  build/stm32l4xx_hal_pwr_ex.o
                                                  build/stm32l4xx_hal_rcc.o
                                                  build/stm32l4xx_hal.o
SystemCoreClockUpdate                             build/system_stm32l4xx.o
SystemInit                                        build/system_stm32l4xx.o
                                                  build/startup_stm32l476xx.o
TAMP_STAMP_IRQHandler                             build/startup_stm32l476xx.o
TIM1_BRK_TIM15_IRQHandler                         build/startup_stm32l476xx.o
TIM1_CC_IRQHandler                                build/startup_stm32l476xx.o
TIM1_TRG_COM_TIM17_IRQHandler                     build/startup_stm32l476xx.o
TIM1_UP_TIM16_IRQHandler                          build/startup_stm32l476xx.o
TIM2_IRQHandler                                   build/startup_stm32l476xx.o
TIM3_IRQHandler                                   build/startup_stm32l476xx.o
TIM4_IRQHandler                                   build/startup_stm32l476xx.o
TIM5_IRQHandler                                   build/startup_stm32l476xx.o
TIM6_DAC_IRQHandler                               build/startup_stm32l476xx.o
TIM7_IRQHandler                                   build/startup_stm32l476xx.o
TIM8_BRK_IRQHandler                               build/startup_stm32l476xx.o
TIM8_CC_IRQHandler                                build/startup_stm32l476xx.o
TIM8_TRG_COM_IRQHandler                           build/startup_stm32l476xx.o
TIM8_UP_IRQHandler                                build/startup_stm32l476xx.o
TSC_IRQHandler                                    build/startup_stm32l476xx.o
UART4_IRQHandler                                  build/startup_stm32l476xx.o
UART5_IRQHandler                                  build/startup_stm32l476xx.o
UART_AdvFeatureConfig                             build/stm32l4xx_hal_uart.o
                                                  build/stm32l4xx_hal_uart_ex.o
UART_CheckIdleState                               build/stm32l4xx_hal_uart.o
                                                  build/stm32l4xx_hal_uart_ex.o
UART_SetConfig                                    build/stm32l4xx_hal_uart.o
                                                  build/stm32l4xx_hal_uart_ex.o
UART_Start_Receive_DMA                            build/stm32l4xx_hal_uart.o
                                                  build/stm32l4xx_hal_uart_ex.o
UART_Start_Receive_IT                             build/stm32l4xx_hal_uart.o
                                                  build/stm32l4xx_hal_uart_ex.o
UART_WaitOnFlagUntilTimeout                       build/stm32l4xx_hal_uart.o
                                                  build/stm32l4xx_hal_uart_ex.o
USART1_IRQHandler                                 build/startup_stm32l476xx.o
USART2_IRQHandler                                 build/startup_stm32l476xx.o
USART3_IRQHandler                                 build/startup_stm32l476xx.o
UsageFault_Handler                                build/stm32l4xx_it.o
WWDG_IRQHandler                                   build/startup_stm32l476xx.o
_ITM_deregisterTMCloneTable                       g:/tools/arm-none-eabi/12v2_mpacbti-bet1/bin/../lib/gcc/arm-none-eabi/12.2.0/thumb/v7e-m+fp/hard/crtbegin.o
_ITM_registerTMCloneTable                         g:/tools/arm-none-eabi/12v2_mpacbti-bet1/bin/../lib/gcc/arm-none-eabi/12.2.0/thumb/v7e-m+fp/hard/crtbegin.o
__TMC_END__                                       g:/tools/arm-none-eabi/12v2_mpacbti-bet1/bin/../lib/gcc/arm-none-eabi/12.2.0/thumb/v7e-m+fp/hard/crtend.o
                                                  g:/tools/arm-none-eabi/12v2_mpacbti-bet1/bin/../lib/gcc/arm-none-eabi/12.2.0/thumb/v7e-m+fp/hard/crtbegin.o
__aeabi_idiv0                                     g:/tools/arm-none-eabi/12v2_mpacbti-bet1/bin/../lib/gcc/arm-none-eabi/12.2.0/thumb/v7e-m+fp/hard\libgcc.a(_dvmd_tls.o)
__aeabi_ldiv0                                     g:/tools/arm-none-eabi/12v2_mpacbti-bet1/bin/../lib/gcc/arm-none-eabi/12.2.0/thumb/v7e-m+fp/hard\libgcc.a(_dvmd_tls.o)
                                                  g:/tools/arm-none-eabi/12v2_mpacbti-bet1/bin/../lib/gcc/arm-none-eabi/12.2.0/thumb/v7e-m+fp/hard\libgcc.a(_aeabi_uldivmod.o)
__aeabi_uldivmod                                  g:/tools/arm-none-eabi/12v2_mpacbti-bet1/bin/../lib/gcc/arm-none-eabi/12.2.0/thumb/v7e-m+fp/hard\libgcc.a(_aeabi_uldivmod.o)
                                                  build/stm32l4xx_hal_uart.o
__bss_end__                                       g:/tools/arm-none-eabi/12v2_mpacbti-bet1/bin/../lib/gcc/arm-none-eabi/12.2.0/thumb/v7e-m+fp/hard/crt0.o
__bss_start__                                     g:/tools/arm-none-eabi/12v2_mpacbti-bet1/bin/../lib/gcc/arm-none-eabi/12.2.0/thumb/v7e-m+fp/hard/crt0.o
__call_exitprocs                                  g:/tools/arm-none-eabi/12v2_mpacbti-bet1/bin/../lib/gcc/arm-none-eabi/12.2.0/thumb/v7e-m+fp/hard\libc_nano.a(libc_a-exit.o)
__deregister_frame_info                           g:/tools/arm-none-eabi/12v2_mpacbti-bet1/bin/../lib/gcc/arm-none-eabi/12.2.0/thumb/v7e-m+fp/hard/crtbegin.o
__dso_handle                                      g:/tools/arm-none-eabi/12v2_mpacbti-bet1/bin/../lib/gcc/arm-none-eabi/12.2.0/thumb/v7e-m+fp/hard/crtbegin.o
__fp_lock_all                                     g:/tools/arm-none-eabi/12v2_mpacbti-bet1/bin/../lib/gcc/arm-none-eabi/12.2.0/thumb/v7e-m+fp/hard\libc_nano.a(libc_a-findfp.o)
__fp_unlock_all                                   g:/tools/arm-none-eabi/12v2_mpacbti-bet1/bin/../lib/gcc/arm-none-eabi/12.2.0/thumb/v7e-m+fp/hard\libc_nano.a(libc_a-findfp.o)
__init_array_end                                  g:/tools/arm-none-eabi/12v2_mpacbti-bet1/bin/../lib/gcc/arm-none-eabi/12.2.0/thumb/v7e-m+fp/hard\libc_nano.a(libc_a-init.o)
__init_array_start                                g:/tools/arm-none-eabi/12v2_mpacbti-bet1/bin/../lib/gcc/arm-none-eabi/12.2.0/thumb/v7e-m+fp/hard\libc_nano.a(libc_a-init.o)
__libc_fini_array                                 g:/tools/arm-none-eabi/12v2_mpacbti-bet1/bin/../lib/gcc/arm-none-eabi/12.2.0/thumb/v7e-m+fp/hard/crt0.o
__libc_init_array                                 g:/tools/arm-none-eabi/12v2_mpacbti-bet1/bin/../lib/gcc/arm-none-eabi/12.2.0/thumb/v7e-m+fp/hard\libc_nano.a(libc_a-init.o)
                                                  build/startup_stm32l476xx.o
                                                  g:/tools/arm-none-eabi/12v2_mpacbti-bet1/bin/../lib/gcc/arm-none-eabi/12.2.0/thumb/v7e-m+fp/hard/crt0.o
__lock___arc4random_mutex                         g:/tools/arm-none-eabi/12v2_mpacbti-bet1/bin/../lib/gcc/arm-none-eabi/12.2.0/thumb/v7e-m+fp/hard\libc_nano.a(libc_a-lock.o)
__lock___at_quick_exit_mutex                      g:/tools/arm-none-eabi/12v2_mpacbti-bet1/bin/../lib/gcc/arm-none-eabi/12.2.0/thumb/v7e-m+fp/hard\libc_nano.a(libc_a-lock.o)
__lock___atexit_recursive_mutex                   g:/tools/arm-none-eabi/12v2_mpacbti-bet1/bin/../lib/gcc/arm-none-eabi/12.2.0/thumb/v7e-m+fp/hard\libc_nano.a(libc_a-lock.o)
__lock___dd_hash_mutex                            g:/tools/arm-none-eabi/12v2_mpacbti-bet1/bin/../lib/gcc/arm-none-eabi/12.2.0/thumb/v7e-m+fp/hard\libc_nano.a(libc_a-lock.o)
__lock___env_recursive_mutex                      g:/tools/arm-none-eabi/12v2_mpacbti-bet1/bin/../lib/gcc/arm-none-eabi/12.2.0/thumb/v7e-m+fp/hard\libc_nano.a(libc_a-lock.o)
__lock___malloc_recursive_mutex                   g:/tools/arm-none-eabi/12v2_mpacbti-bet1/bin/../lib/gcc/arm-none-eabi/12.2.0/thumb/v7e-m+fp/hard\libc_nano.a(libc_a-lock.o)
                                                  g:/tools/arm-none-eabi/12v2_mpacbti-bet1/bin/../lib/gcc/arm-none-eabi/12.2.0/thumb/v7e-m+fp/hard\libc_nano.a(libc_a-mlock.o)
__lock___sfp_recursive_mutex                      g:/tools/arm-none-eabi/12v2_mpacbti-bet1/bin/../lib/gcc/arm-none-eabi/12.2.0/thumb/v7e-m+fp/hard\libc_nano.a(libc_a-lock.o)
                                                  g:/tools/arm-none-eabi/12v2_mpacbti-bet1/bin/../lib/gcc/arm-none-eabi/12.2.0/thumb/v7e-m+fp/hard\libc_nano.a(libc_a-findfp.o)
__lock___tz_mutex                                 g:/tools/arm-none-eabi/12v2_mpacbti-bet1/bin/../lib/gcc/arm-none-eabi/12.2.0/thumb/v7e-m+fp/hard\libc_nano.a(libc_a-lock.o)
__malloc_free_list                                g:/tools/arm-none-eabi/12v2_mpacbti-bet1/bin/../lib/gcc/arm-none-eabi/12.2.0/thumb/v7e-m+fp/hard\libc_nano.a(libc_a-mallocr.o)
                                                  g:/tools/arm-none-eabi/12v2_mpacbti-bet1/bin/../lib/gcc/arm-none-eabi/12.2.0/thumb/v7e-m+fp/hard\libc_nano.a(libc_a-freer.o)
__malloc_lock                                     g:/tools/arm-none-eabi/12v2_mpacbti-bet1/bin/../lib/gcc/arm-none-eabi/12.2.0/thumb/v7e-m+fp/hard\libc_nano.a(libc_a-mlock.o)
                                                  g:/tools/arm-none-eabi/12v2_mpacbti-bet1/bin/../lib/gcc/arm-none-eabi/12.2.0/thumb/v7e-m+fp/hard\libc_nano.a(libc_a-mallocr.o)
                                                  g:/tools/arm-none-eabi/12v2_mpacbti-bet1/bin/../lib/gcc/arm-none-eabi/12.2.0/thumb/v7e-m+fp/hard\libc_nano.a(libc_a-freer.o)
__malloc_sbrk_start                               g:/tools/arm-none-eabi/12v2_mpacbti-bet1/bin/../lib/gcc/arm-none-eabi/12.2.0/thumb/v7e-m+fp/hard\libc_nano.a(libc_a-mallocr.o)
__malloc_unlock                                   g:/tools/arm-none-eabi/12v2_mpacbti-bet1/bin/../lib/gcc/arm-none-eabi/12.2.0/thumb/v7e-m+fp/hard\libc_nano.a(libc_a-mlock.o)
                                                  g:/tools/arm-none-eabi/12v2_mpacbti-bet1/bin/../lib/gcc/arm-none-eabi/12.2.0/thumb/v7e-m+fp/hard\libc_nano.a(libc_a-mallocr.o)
                                                  g:/tools/arm-none-eabi/12v2_mpacbti-bet1/bin/../lib/gcc/arm-none-eabi/12.2.0/thumb/v7e-m+fp/hard\libc_nano.a(libc_a-freer.o)
__preinit_array_end                               g:/tools/arm-none-eabi/12v2_mpacbti-bet1/bin/../lib/gcc/arm-none-eabi/12.2.0/thumb/v7e-m+fp/hard\libc_nano.a(libc_a-init.o)
__preinit_array_start                             g:/tools/arm-none-eabi/12v2_mpacbti-bet1/bin/../lib/gcc/arm-none-eabi/12.2.0/thumb/v7e-m+fp/hard\libc_nano.a(libc_a-init.o)
__register_frame_info                             g:/tools/arm-none-eabi/12v2_mpacbti-bet1/bin/../lib/gcc/arm-none-eabi/12.2.0/thumb/v7e-m+fp/hard/crtbegin.o
__retarget_lock_acquire                           g:/tools/arm-none-eabi/12v2_mpacbti-bet1/bin/../lib/gcc/arm-none-eabi/12.2.0/thumb/v7e-m+fp/hard\libc_nano.a(libc_a-lock.o)
__retarget_lock_acquire_recursive                 g:/tools/arm-none-eabi/12v2_mpacbti-bet1/bin/../lib/gcc/arm-none-eabi/12.2.0/thumb/v7e-m+fp/hard\libc_nano.a(libc_a-lock.o)
                                                  g:/tools/arm-none-eabi/12v2_mpacbti-bet1/bin/../lib/gcc/arm-none-eabi/12.2.0/thumb/v7e-m+fp/hard\libc_nano.a(libc_a-fflush.o)
                                                  g:/tools/arm-none-eabi/12v2_mpacbti-bet1/bin/../lib/gcc/arm-none-eabi/12.2.0/thumb/v7e-m+fp/hard\libc_nano.a(libc_a-mlock.o)
                                                  g:/tools/arm-none-eabi/12v2_mpacbti-bet1/bin/../lib/gcc/arm-none-eabi/12.2.0/thumb/v7e-m+fp/hard\libc_nano.a(libc_a-findfp.o)
__retarget_lock_close                             g:/tools/arm-none-eabi/12v2_mpacbti-bet1/bin/../lib/gcc/arm-none-eabi/12.2.0/thumb/v7e-m+fp/hard\libc_nano.a(libc_a-lock.o)
__retarget_lock_close_recursive                   g:/tools/arm-none-eabi/12v2_mpacbti-bet1/bin/../lib/gcc/arm-none-eabi/12.2.0/thumb/v7e-m+fp/hard\libc_nano.a(libc_a-lock.o)
__retarget_lock_init                              g:/tools/arm-none-eabi/12v2_mpacbti-bet1/bin/../lib/gcc/arm-none-eabi/12.2.0/thumb/v7e-m+fp/hard\libc_nano.a(libc_a-lock.o)
__retarget_lock_init_recursive                    g:/tools/arm-none-eabi/12v2_mpacbti-bet1/bin/../lib/gcc/arm-none-eabi/12.2.0/thumb/v7e-m+fp/hard\libc_nano.a(libc_a-lock.o)
                                                  g:/tools/arm-none-eabi/12v2_mpacbti-bet1/bin/../lib/gcc/arm-none-eabi/12.2.0/thumb/v7e-m+fp/hard\libc_nano.a(libc_a-findfp.o)
__retarget_lock_release                           g:/tools/arm-none-eabi/12v2_mpacbti-bet1/bin/../lib/gcc/arm-none-eabi/12.2.0/thumb/v7e-m+fp/hard\libc_nano.a(libc_a-lock.o)
__retarget_lock_release_recursive                 g:/tools/arm-none-eabi/12v2_mpacbti-bet1/bin/../lib/gcc/arm-none-eabi/12.2.0/thumb/v7e-m+fp/hard\libc_nano.a(libc_a-lock.o)
                                                  g:/tools/arm-none-eabi/12v2_mpacbti-bet1/bin/../lib/gcc/arm-none-eabi/12.2.0/thumb/v7e-m+fp/hard\libc_nano.a(libc_a-fflush.o)
                                                  g:/tools/arm-none-eabi/12v2_mpacbti-bet1/bin/../lib/gcc/arm-none-eabi/12.2.0/thumb/v7e-m+fp/hard\libc_nano.a(libc_a-mlock.o)
                                                  g:/tools/arm-none-eabi/12v2_mpacbti-bet1/bin/../lib/gcc/arm-none-eabi/12.2.0/thumb/v7e-m+fp/hard\libc_nano.a(libc_a-findfp.o)
__retarget_lock_try_acquire                       g:/tools/arm-none-eabi/12v2_mpacbti-bet1/bin/../lib/gcc/arm-none-eabi/12.2.0/thumb/v7e-m+fp/hard\libc_nano.a(libc_a-lock.o)
__retarget_lock_try_acquire_recursive             g:/tools/arm-none-eabi/12v2_mpacbti-bet1/bin/../lib/gcc/arm-none-eabi/12.2.0/thumb/v7e-m+fp/hard\libc_nano.a(libc_a-lock.o)
__sclose                                          g:/tools/arm-none-eabi/12v2_mpacbti-bet1/bin/../lib/gcc/arm-none-eabi/12.2.0/thumb/v7e-m+fp/hard\libc_nano.a(libc_a-stdio.o)
                                                  g:/tools/arm-none-eabi/12v2_mpacbti-bet1/bin/../lib/gcc/arm-none-eabi/12.2.0/thumb/v7e-m+fp/hard\libc_nano.a(libc_a-findfp.o)
__seofread                                        g:/tools/arm-none-eabi/12v2_mpacbti-bet1/bin/../lib/gcc/arm-none-eabi/12.2.0/thumb/v7e-m+fp/hard\libc_nano.a(libc_a-stdio.o)
__sf                                              g:/tools/arm-none-eabi/12v2_mpacbti-bet1/bin/../lib/gcc/arm-none-eabi/12.2.0/thumb/v7e-m+fp/hard\libc_nano.a(libc_a-findfp.o)
                                                  g:/tools/arm-none-eabi/12v2_mpacbti-bet1/bin/../lib/gcc/arm-none-eabi/12.2.0/thumb/v7e-m+fp/hard\libc_nano.a(libc_a-impure.o)
__sflush_r                                        g:/tools/arm-none-eabi/12v2_mpacbti-bet1/bin/../lib/gcc/arm-none-eabi/12.2.0/thumb/v7e-m+fp/hard\libc_nano.a(libc_a-fflush.o)
__sfp                                             g:/tools/arm-none-eabi/12v2_mpacbti-bet1/bin/../lib/gcc/arm-none-eabi/12.2.0/thumb/v7e-m+fp/hard\libc_nano.a(libc_a-findfp.o)
__sfp_lock_acquire                                g:/tools/arm-none-eabi/12v2_mpacbti-bet1/bin/../lib/gcc/arm-none-eabi/12.2.0/thumb/v7e-m+fp/hard\libc_nano.a(libc_a-findfp.o)
__sfp_lock_release                                g:/tools/arm-none-eabi/12v2_mpacbti-bet1/bin/../lib/gcc/arm-none-eabi/12.2.0/thumb/v7e-m+fp/hard\libc_nano.a(libc_a-findfp.o)
__sglue                                           g:/tools/arm-none-eabi/12v2_mpacbti-bet1/bin/../lib/gcc/arm-none-eabi/12.2.0/thumb/v7e-m+fp/hard\libc_nano.a(libc_a-findfp.o)
                                                  g:/tools/arm-none-eabi/12v2_mpacbti-bet1/bin/../lib/gcc/arm-none-eabi/12.2.0/thumb/v7e-m+fp/hard\libc_nano.a(libc_a-fflush.o)
__sinit                                           g:/tools/arm-none-eabi/12v2_mpacbti-bet1/bin/../lib/gcc/arm-none-eabi/12.2.0/thumb/v7e-m+fp/hard\libc_nano.a(libc_a-findfp.o)
                                                  g:/tools/arm-none-eabi/12v2_mpacbti-bet1/bin/../lib/gcc/arm-none-eabi/12.2.0/thumb/v7e-m+fp/hard\libc_nano.a(libc_a-fflush.o)
__sread                                           g:/tools/arm-none-eabi/12v2_mpacbti-bet1/bin/../lib/gcc/arm-none-eabi/12.2.0/thumb/v7e-m+fp/hard\libc_nano.a(libc_a-stdio.o)
                                                  g:/tools/arm-none-eabi/12v2_mpacbti-bet1/bin/../lib/gcc/arm-none-eabi/12.2.0/thumb/v7e-m+fp/hard\libc_nano.a(libc_a-findfp.o)
__sseek                                           g:/tools/arm-none-eabi/12v2_mpacbti-bet1/bin/../lib/gcc/arm-none-eabi/12.2.0/thumb/v7e-m+fp/hard\libc_nano.a(libc_a-stdio.o)
                                                  g:/tools/arm-none-eabi/12v2_mpacbti-bet1/bin/../lib/gcc/arm-none-eabi/12.2.0/thumb/v7e-m+fp/hard\libc_nano.a(libc_a-findfp.o)
__stack                                           g:/tools/arm-none-eabi/12v2_mpacbti-bet1/bin/../lib/gcc/arm-none-eabi/12.2.0/thumb/v7e-m+fp/hard/crt0.o
__stdio_exit_handler                              g:/tools/arm-none-eabi/12v2_mpacbti-bet1/bin/../lib/gcc/arm-none-eabi/12.2.0/thumb/v7e-m+fp/hard\libc_nano.a(libc_a-findfp.o)
                                                  g:/tools/arm-none-eabi/12v2_mpacbti-bet1/bin/../lib/gcc/arm-none-eabi/12.2.0/thumb/v7e-m+fp/hard\libc_nano.a(libc_a-exit.o)
__swrite                                          g:/tools/arm-none-eabi/12v2_mpacbti-bet1/bin/../lib/gcc/arm-none-eabi/12.2.0/thumb/v7e-m+fp/hard\libc_nano.a(libc_a-stdio.o)
                                                  g:/tools/arm-none-eabi/12v2_mpacbti-bet1/bin/../lib/gcc/arm-none-eabi/12.2.0/thumb/v7e-m+fp/hard\libc_nano.a(libc_a-findfp.o)
__udivmoddi4                                      g:/tools/arm-none-eabi/12v2_mpacbti-bet1/bin/../lib/gcc/arm-none-eabi/12.2.0/thumb/v7e-m+fp/hard\libgcc.a(_udivmoddi4.o)
                                                  g:/tools/arm-none-eabi/12v2_mpacbti-bet1/bin/../lib/gcc/arm-none-eabi/12.2.0/thumb/v7e-m+fp/hard\libgcc.a(_aeabi_uldivmod.o)
_close                                            g:/tools/arm-none-eabi/12v2_mpacbti-bet1/bin/../lib/gcc/arm-none-eabi/12.2.0/thumb/v7e-m+fp/hard\libnosys.a(close.o)
                                                  g:/tools/arm-none-eabi/12v2_mpacbti-bet1/bin/../lib/gcc/arm-none-eabi/12.2.0/thumb/v7e-m+fp/hard\libc_nano.a(libc_a-closer.o)
_close_r                                          g:/tools/arm-none-eabi/12v2_mpacbti-bet1/bin/../lib/gcc/arm-none-eabi/12.2.0/thumb/v7e-m+fp/hard\libc_nano.a(libc_a-closer.o)
                                                  g:/tools/arm-none-eabi/12v2_mpacbti-bet1/bin/../lib/gcc/arm-none-eabi/12.2.0/thumb/v7e-m+fp/hard\libc_nano.a(libc_a-stdio.o)
_ebss                                             build/startup_stm32l476xx.o
_edata                                            build/startup_stm32l476xx.o
_estack                                           build/startup_stm32l476xx.o
_exit                                             g:/tools/arm-none-eabi/12v2_mpacbti-bet1/bin/../lib/gcc/arm-none-eabi/12.2.0/thumb/v7e-m+fp/hard\libnosys.a(_exit.o)